Archive member included to satisfy reference by file (symbol)

C:/Program Files/SEGGER/SEGGER Embedded Studio for ARM 5.64/lib/libm_v7em_fpv4_sp_d16_hard_t_le_eabi.a(libm_asm.o)
                              Output/nrf52832_xxaa/Obj/ss_twr_init/ss_init_main.o (__aeabi_dadd)
C:/Program Files/SEGGER/SEGGER Embedded Studio for ARM 5.64/lib/libc_v7em_fpv4_sp_d16_hard_t_le_eabi.a(libc2.o)
                              Output/nrf52832_xxaa/Obj/ss_twr_init/ss_init_main.o (memcmp)
C:/Program Files/SEGGER/SEGGER Embedded Studio for ARM 5.64/lib/libc_v7em_fpv4_sp_d16_hard_t_le_eabi.a(libc2_asm.o)
                              Output/nrf52832_xxaa/Obj/ss_twr_init/nrf_memobj.o (memcpy)
C:/Program Files/SEGGER/SEGGER Embedded Studio for ARM 5.64/lib/libc_v7em_fpv4_sp_d16_hard_t_le_eabi.a(libvfprintf.o)
                              (__vfprintf_short_float_long)
C:/Program Files/SEGGER/SEGGER Embedded Studio for ARM 5.64/lib/libc_v7em_fpv4_sp_d16_hard_t_le_eabi.a(libvfscanf.o)
                              (__vfscanf_int)
C:/Program Files/SEGGER/SEGGER Embedded Studio for ARM 5.64/lib/libc_v7em_fpv4_sp_d16_hard_t_le_eabi.a(libc_asm.o)
                              C:/Program Files/SEGGER/SEGGER Embedded Studio for ARM 5.64/lib/libc_v7em_fpv4_sp_d16_hard_t_le_eabi.a(libc2.o) (__aeabi_uldivmod)
C:/Program Files/SEGGER/SEGGER Embedded Studio for ARM 5.64/lib/libdebugio_v7em_fpv4_sp_d16_hard_t_le_eabi.a(libdebugio.o)
                              Output/nrf52832_xxaa/Obj/ss_twr_init/thumb_crt0.o (debug_fopen)
C:/Program Files/SEGGER/SEGGER Embedded Studio for ARM 5.64/lib/libdebugio_v7em_fpv4_sp_d16_hard_t_le_eabi.a(do_nv_debug_operation.o)
                              C:/Program Files/SEGGER/SEGGER Embedded Studio for ARM 5.64/lib/libdebugio_v7em_fpv4_sp_d16_hard_t_le_eabi.a(libdebugio.o) (__do_nvdebug_operation)
C:/Program Files/SEGGER/SEGGER Embedded Studio for ARM 5.64/lib/libdebugio_v7em_fpv4_sp_d16_hard_t_le_eabi.a(mempoll_debug_operations.o)
                              (__do_debug_operation_mempoll)
C:/Program Files/SEGGER/SEGGER Embedded Studio for ARM 5.64/lib/libm_v7em_fpv4_sp_d16_hard_t_le_eabi.a(libm2.o)
                              C:/Program Files/SEGGER/SEGGER Embedded Studio for ARM 5.64/lib/libc_v7em_fpv4_sp_d16_hard_t_le_eabi.a(libvfprintf.o) (frexp)

Discarded input sections

 .text          0x0000000000000000        0x0 Output/nrf52832_xxaa/Obj/ss_twr_init/thumb_crt0.o
 .data          0x0000000000000000        0x0 Output/nrf52832_xxaa/Obj/ss_twr_init/thumb_crt0.o
 .bss           0x0000000000000000        0x0 Output/nrf52832_xxaa/Obj/ss_twr_init/thumb_crt0.o
 .text.__heap_lock
                0x0000000000000000        0x2 Output/nrf52832_xxaa/Obj/ss_twr_init/thumb_crt0.o
 .text.__heap_unlock
                0x0000000000000000        0x2 Output/nrf52832_xxaa/Obj/ss_twr_init/thumb_crt0.o
 .text.__scanf_lock
                0x0000000000000000        0x2 Output/nrf52832_xxaa/Obj/ss_twr_init/thumb_crt0.o
 .text.__scanf_unlock
                0x0000000000000000        0x2 Output/nrf52832_xxaa/Obj/ss_twr_init/thumb_crt0.o
 .text.__debug_io_lock
                0x0000000000000000        0x2 Output/nrf52832_xxaa/Obj/ss_twr_init/thumb_crt0.o
 .text.__debug_io_unlock
                0x0000000000000000        0x2 Output/nrf52832_xxaa/Obj/ss_twr_init/thumb_crt0.o
 .text.abort    0x0000000000000000        0x2 Output/nrf52832_xxaa/Obj/ss_twr_init/thumb_crt0.o
 .text.__assert
                0x0000000000000000        0x2 Output/nrf52832_xxaa/Obj/ss_twr_init/thumb_crt0.o
 .text.__aeabi_assert
                0x0000000000000000        0x2 Output/nrf52832_xxaa/Obj/ss_twr_init/thumb_crt0.o
 .text.__cxa_pure_virtual
                0x0000000000000000        0x2 Output/nrf52832_xxaa/Obj/ss_twr_init/thumb_crt0.o
 .text.__cxa_guard_acquire
                0x0000000000000000       0x10 Output/nrf52832_xxaa/Obj/ss_twr_init/thumb_crt0.o
 .text.__cxa_guard_release
                0x0000000000000000        0x6 Output/nrf52832_xxaa/Obj/ss_twr_init/thumb_crt0.o
 .text.__cxa_guard_abort
                0x0000000000000000        0x2 Output/nrf52832_xxaa/Obj/ss_twr_init/thumb_crt0.o
 .text.__sync_synchronize
                0x0000000000000000        0x2 Output/nrf52832_xxaa/Obj/ss_twr_init/thumb_crt0.o
 .text.__open   0x0000000000000000        0x4 Output/nrf52832_xxaa/Obj/ss_twr_init/thumb_crt0.o
 .text.__close  0x0000000000000000        0x4 Output/nrf52832_xxaa/Obj/ss_twr_init/thumb_crt0.o
 .text.__write  0x0000000000000000        0xa Output/nrf52832_xxaa/Obj/ss_twr_init/thumb_crt0.o
 .text.__read   0x0000000000000000        0xa Output/nrf52832_xxaa/Obj/ss_twr_init/thumb_crt0.o
 .text.__seek   0x0000000000000000       0x1a Output/nrf52832_xxaa/Obj/ss_twr_init/thumb_crt0.o
 .bss.__user_locale_name_buffer
                0x0000000000000000        0x4 Output/nrf52832_xxaa/Obj/ss_twr_init/thumb_crt0.o
 .stack         0x0000000000000000        0x0 Output/nrf52832_xxaa/Obj/ss_twr_init/thumb_crt0.o
 .stack_process
[...]
Memory Configuration

Name             Origin             Length             Attributes
UNPLACED_SECTIONS 0x0000000100000000 0x0000000000000000 xw
FLASH            0x0000000000000000 0x0000000000080000 xr
SRAM             0x0000000020000000 0x0000000000010000 xw
*default*        0x0000000000000000 0xffffffffffffffff

Linker script and memory map

                0x0000000000000000                __do_debug_operation = __do_debug_operation_mempoll
                0x0000000000005634                __vfprintf = __vfprintf_short_float_long
                0x0000000000000000                __vfscanf = __vfscanf_int
                0x0000000000000000                __FLASH_segment_start__ = 0x0
                0x0000000000080000                __FLASH_segment_end__ = 0x80000
                0x0000000000080000                __FLASH_segment_size__ = 0x80000
                0x0000000020000000                __SRAM_segment_start__ = 0x20000000
                0x0000000020010000                __SRAM_segment_end__ = 0x20010000
                0x0000000000010000                __SRAM_segment_size__ = 0x10000
                0x0000000000000400                __HEAPSIZE__ = 0x400
                0x0000000000000000                __STACKSIZE_PROCESS__ = 0x0
                0x0000000000000400                __STACKSIZE__ = 0x400
                0x0000000020000000                __vectors_ram_load_start__ = ALIGN (__SRAM_segment_start__, 0x100)

.vectors_ram    0x0000000020000000        0x0
                0x0000000020000000                __vectors_ram_start__ = .
 *(.vectors_ram .vectors_ram.*)
                0x0000000020000000                __vectors_ram_end__ = (__vectors_ram_start__ + SIZEOF (.vectors_ram))
                0x0000000000000000                __vectors_ram_size__ = SIZEOF (.vectors_ram)
                0x0000000020000000                __vectors_ram_load_end__ = __vectors_ram_end__
                0x0000000000000001                . = ASSERT (((__vectors_ram_start__ == __vectors_ram_end__) || ((__vectors_ram_end__ - __SRAM_segment_start__) <= __SRAM_segment_size__)), error: .vectors_ram is too large to fit in SRAM memory segment)
                0x0000000000000000                __vectors_load_start__ = ALIGN (__FLASH_segment_start__, 0x100)

.vectors        0x0000000000000000       0xd8
                0x0000000000000000                __vectors_start__ = .
 *(.vectors .vectors.*)
 .vectors       0x0000000000000000       0xd8 Output/nrf52832_xxaa/Obj/ss_twr_init/ses_nrf52_startup.o
                0x0000000000000000                _vectors
                0x00000000000000d8                __vectors_end__ = (__vectors_start__ + SIZEOF (.vectors))
                0x00000000000000d8                __vectors_size__ = SIZEOF (.vectors)
                0x00000000000000d8                __vectors_load_end__ = __vectors_end__
                0x0000000000000001                . = ASSERT (((__vectors_start__ == __vectors_end__) || ((__vectors_end__ - __FLASH_segment_start__) <= __FLASH_segment_size__)), error: .vectors is too large to fit in FLASH memory segment)
                0x00000000000000d8                __init_load_start__ = ALIGN (__vectors_end__, 0x4)

.init           0x00000000000000d8      0x1d8
                0x00000000000000d8                __init_start__ = .
 *(.init .init.*)
 .init          0x00000000000000d8      0x16c Output/nrf52832_xxaa/Obj/ss_twr_init/thumb_crt0.o
                0x00000000000000d8                _start
                0x0000000000000194                exit
 .init          0x0000000000000244       0x6c Output/nrf52832_xxaa/Obj/ss_twr_init/ses_nrf52_startup.o
                0x0000000000000244                NMI_Handler
                0x0000000000000246                HardFault_Handler
                0x0000000000000248                MemoryManagement_Handler
                0x000000000000024a                BusFault_Handler
                0x000000000000024c                UsageFault_Handler
                0x0000000000000250                DebugMon_Handler
                0x0000000000000254                SysTick_Handler
                0x0000000000000258                RADIO_IRQHandler
                0x000000000000025c                SPIM0_SPIS0_TWIM0_TWIS0_SPI0_TWI0_IRQHandler
                0x0000000000000260                NFCT_IRQHandler
                0x0000000000000264                SAADC_IRQHandler
                0x0000000000000266                TIMER0_IRQHandler
                0x0000000000000268                TIMER1_IRQHandler
                0x000000000000026a                TIMER2_IRQHandler
                0x000000000000026c                RTC0_IRQHandler
                0x000000000000026e                TEMP_IRQHandler
                0x0000000000000270                RNG_IRQHandler
                0x0000000000000272                ECB_IRQHandler
                0x0000000000000274                CCM_AAR_IRQHandler
                0x0000000000000276                WDT_IRQHandler
                0x000000000000027a                QDEC_IRQHandler
                0x000000000000027c                COMP_LPCOMP_IRQHandler
                0x000000000000027e                SWI0_EGU0_IRQHandler
                0x0000000000000280                SWI1_EGU1_IRQHandler
                0x0000000000000282                SWI2_EGU2_IRQHandler
                0x0000000000000284                SWI3_EGU3_IRQHandler
                0x0000000000000286                SWI4_EGU4_IRQHandler
                0x0000000000000288                SWI5_EGU5_IRQHandler
                0x000000000000028a                TIMER3_IRQHandler
                0x000000000000028c                TIMER4_IRQHandler
                0x000000000000028e                PWM0_IRQHandler
                0x0000000000000290                PDM_IRQHandler
                0x0000000000000292                MWU_IRQHandler
                0x0000000000000294                PWM1_IRQHandler
                0x0000000000000296                PWM2_IRQHandler
                0x0000000000000298                SPIM2_SPIS2_SPI2_IRQHandler
                0x000000000000029a                RTC2_IRQHandler
                0x000000000000029c                I2S_IRQHandler
                0x000000000000029e                reset_handler
                0x00000000000002b0                __init_end__ = (__init_start__ + SIZEOF (.init))
                0x00000000000001d8                __init_size__ = SIZEOF (.init)
                0x00000000000002b0                __init_load_end__ = __init_end__
                0x0000000000000001                . = ASSERT (((__init_start__ == __init_end__) || ((__init_end__ - __FLASH_segment_start__) <= __FLASH_segment_size__)), error: .init is too large to fit in FLASH memory segment)
                0x00000000000002b0                __init_rodata_load_start__ = ALIGN (__init_end__, 0x4)

.init_rodata    0x00000000000002b0        0x0
                0x00000000000002b0                __init_rodata_start__ = .
 *(.init_rodata .init_rodata.*)
                0x00000000000002b0                __init_rodata_end__ = (__init_rodata_start__ + SIZEOF (.init_rodata))
                0x0000000000000000                __init_rodata_size__ = SIZEOF (.init_rodata)
                0x00000000000002b0                __init_rodata_load_end__ = __init_rodata_end__
                0x0000000000000001                . = ASSERT (((__init_rodata_start__ == __init_rodata_end__) || ((__init_rodata_end__ - __FLASH_segment_start__) <= __FLASH_segment_size__)), error: .init_rodata is too large to fit in FLASH memory segment)
                0x00000000000002b0                __text_load_start__ = ALIGN (__init_rodata_end__, 0x4)

.text           0x00000000000002b0     0x6344
                0x00000000000002b0                __text_start__ = .
 *(.text .text.* .glue_7t .glue_7 .gnu.linkonce.t.* .gcc_except_table .ARM.extab* .gnu.linkonce.armextab.*)
 .glue_7        0x00000000000002b0        0x0 linker stubs
 .glue_7t       0x00000000000002b0        0x0 linker stubs
 .text.__aeabi_read_tp
                0x00000000000002b0        0x8 Output/nrf52832_xxaa/Obj/ss_twr_init/thumb_crt0.o
                0x00000000000002b0                __aeabi_read_tp
 .text.__printf_lock
                0x00000000000002b8        0x2 Output/nrf52832_xxaa/Obj/ss_twr_init/thumb_crt0.o
                0x00000000000002b8                __printf_lock
 .text.__printf_unlock
                0x00000000000002ba        0x2 Output/nrf52832_xxaa/Obj/ss_twr_init/thumb_crt0.o
                0x00000000000002ba                __printf_unlock
 .text.__NVIC_SystemReset
                0x00000000000002bc       0x28 Output/nrf52832_xxaa/Obj/ss_twr_init/system_nrf52.o
 .text.SystemCoreClockUpdate
                0x00000000000002e4       0x14 Output/nrf52832_xxaa/Obj/ss_twr_init/system_nrf52.o
                0x00000000000002e4                SystemCoreClockUpdate
 .text.SystemInit
                0x00000000000002f8      0x2c0 Output/nrf52832_xxaa/Obj/ss_twr_init/system_nrf52.o
                0x00000000000002f8                SystemInit
 .text.errata_12
                0x00000000000005b8       0x58 Output/nrf52832_xxaa/Obj/ss_twr_init/system_nrf52.o
 .text.errata_16
                0x0000000000000610       0x38 Output/nrf52832_xxaa/Obj/ss_twr_init/system_nrf52.o
 .text.errata_31
                0x0000000000000648       0x58 Output/nrf52832_xxaa/Obj/ss_twr_init/system_nrf52.o
 .text.errata_32
                0x00000000000006a0       0x38 Output/nrf52832_xxaa/Obj/ss_twr_init/system_nrf52.o
 .text.errata_36
                0x00000000000006d8       0x58 Output/nrf52832_xxaa/Obj/ss_twr_init/system_nrf52.o
 .text.errata_37
                0x0000000000000730       0x38 Output/nrf52832_xxaa/Obj/ss_twr_init/system_nrf52.o
 .text.errata_57
                0x0000000000000768       0x38 Output/nrf52832_xxaa/Obj/ss_twr_init/system_nrf52.o
 .text.errata_66
                0x00000000000007a0       0x38 Output/nrf52832_xxaa/Obj/ss_twr_init/system_nrf52.o
 .text.errata_108
                0x00000000000007d8       0x58 Output/nrf52832_xxaa/Obj/ss_twr_init/system_nrf52.o
 .text.errata_136
                0x0000000000000830       0x58 Output/nrf52832_xxaa/Obj/ss_twr_init/system_nrf52.o
 .text.nrf_gpio_pin_port_decode
                0x0000000000000888        0xe Output/nrf52832_xxaa/Obj/ss_twr_init/main.o
 .text.nrf_gpio_cfg
                0x0000000000000896       0x62 Output/nrf52832_xxaa/Obj/ss_twr_init/main.o
 .text.nrf_gpio_cfg_output
                0x00000000000008f8       0x22 Output/nrf52832_xxaa/Obj/ss_twr_init/main.o
 .text.nrf_gpio_cfg_input
                0x000000000000091a       0x2a Output/nrf52832_xxaa/Obj/ss_twr_init/main.o
 .text.main     0x0000000000000944       0xc0 Output/nrf52832_xxaa/Obj/ss_twr_init/main.o
                0x0000000000000944                main
 *fill*         0x0000000000000a04        0x4 
 .text.ss_init_run
                0x0000000000000a08      0x2b8 Output/nrf52832_xxaa/Obj/ss_twr_init/ss_init_main.o
                0x0000000000000a08                ss_init_run
 .text.resp_msg_get_ts
                0x0000000000000cc0       0x42 Output/nrf52832_xxaa/Obj/ss_twr_init/ss_init_main.o
 *fill*         0x0000000000000d02        0x2 
 .text.__NVIC_EnableIRQ
                0x0000000000000d04       0x34 Output/nrf52832_xxaa/Obj/ss_twr_init/nrf_drv_common.o
 .text.__NVIC_ClearPendingIRQ
                0x0000000000000d38       0x38 Output/nrf52832_xxaa/Obj/ss_twr_init/nrf_drv_common.o
 .text.__NVIC_SetPriority
                0x0000000000000d70       0x50 Output/nrf52832_xxaa/Obj/ss_twr_init/nrf_drv_common.o
 .text.nrf_drv_common_irq_enable
                0x0000000000000dc0       0x3e Output/nrf52832_xxaa/Obj/ss_twr_init/nrf_drv_common.o
                0x0000000000000dc0                nrf_drv_common_irq_enable
 .text.nrf_gpiote_event_is_set
                0x0000000000000dfe       0x2a Output/nrf52832_xxaa/Obj/ss_twr_init/nrf_drv_gpiote.o
 .text.nrf_gpiote_event_clear
                0x0000000000000e28       0x36 Output/nrf52832_xxaa/Obj/ss_twr_init/nrf_drv_gpiote.o
 .text.nrf_gpiote_event_addr_get
                0x0000000000000e5e       0x1a Output/nrf52832_xxaa/Obj/ss_twr_init/nrf_drv_gpiote.o
 .text.nrf_gpiote_int_is_enabled
                0x0000000000000e78       0x18 Output/nrf52832_xxaa/Obj/ss_twr_init/nrf_drv_gpiote.o
 .text.nrf_gpiote_event_pin_get
                0x0000000000000e90       0x20 Output/nrf52832_xxaa/Obj/ss_twr_init/nrf_drv_gpiote.o
 .text.nrf_gpiote_event_polarity_get
                0x0000000000000eb0       0x24 Output/nrf52832_xxaa/Obj/ss_twr_init/nrf_drv_gpiote.o
 .text.nrf_gpio_pin_port_decode
                0x0000000000000ed4        0xe Output/nrf52832_xxaa/Obj/ss_twr_init/nrf_drv_gpiote.o
 .text.nrf_gpio_cfg_sense_set
                0x0000000000000ee2       0x5c Output/nrf52832_xxaa/Obj/ss_twr_init/nrf_drv_gpiote.o
 .text.nrf_gpio_pin_sense_get
                0x0000000000000f3e       0x2c Output/nrf52832_xxaa/Obj/ss_twr_init/nrf_drv_gpiote.o
 .text.nrf_gpio_port_in_read
                0x0000000000000f6a       0x10 Output/nrf52832_xxaa/Obj/ss_twr_init/nrf_drv_gpiote.o
 .text.nrf_gpio_ports_read
                0x0000000000000f7a       0x50 Output/nrf52832_xxaa/Obj/ss_twr_init/nrf_drv_gpiote.o
 .text.nrf_bitmask_bit_is_set
                0x0000000000000fca       0x30 Output/nrf52832_xxaa/Obj/ss_twr_init/nrf_drv_gpiote.o
 .text.nrf_bitmask_bit_set
                0x0000000000000ffa       0x40 Output/nrf52832_xxaa/Obj/ss_twr_init/nrf_drv_gpiote.o
 *fill*         0x000000000000103a        0x2 
 .text.channel_port_get
                0x000000000000103c       0x1c Output/nrf52832_xxaa/Obj/ss_twr_init/nrf_drv_gpiote.o
 .text.channel_handler_get
                0x0000000000001058       0x18 Output/nrf52832_xxaa/Obj/ss_twr_init/nrf_drv_gpiote.o
 .text.GPIOTE_IRQHandler
                0x0000000000001070      0x2e0 Output/nrf52832_xxaa/Obj/ss_twr_init/nrf_drv_gpiote.o
                0x0000000000001070                GPIOTE_IRQHandler
 .text.__NVIC_DisableIRQ
                0x0000000000001350       0x44 Output/nrf52832_xxaa/Obj/ss_twr_init/nrf_drv_spi.o
 .text.nrf_spi_event_clear
                0x0000000000001394       0x2a Output/nrf52832_xxaa/Obj/ss_twr_init/nrf_drv_spi.o
 .text.nrf_spi_event_check
                0x00000000000013be       0x24 Output/nrf52832_xxaa/Obj/ss_twr_init/nrf_drv_spi.o
 .text.nrf_spi_int_enable
                0x00000000000013e2       0x14 Output/nrf52832_xxaa/Obj/ss_twr_init/nrf_drv_spi.o
 .text.nrf_spi_int_disable
                0x00000000000013f6       0x14 Output/nrf52832_xxaa/Obj/ss_twr_init/nrf_drv_spi.o
 .text.nrf_spi_enable
                0x000000000000140a       0x12 Output/nrf52832_xxaa/Obj/ss_twr_init/nrf_drv_spi.o
 .text.nrf_spi_disable
                0x000000000000141c       0x12 Output/nrf52832_xxaa/Obj/ss_twr_init/nrf_drv_spi.o
 .text.nrf_spi_pins_set
                0x000000000000142e       0x28 Output/nrf52832_xxaa/Obj/ss_twr_init/nrf_drv_spi.o
 .text.nrf_spi_txd_set
                0x0000000000001456       0x1a Output/nrf52832_xxaa/Obj/ss_twr_init/nrf_drv_spi.o
 .text.nrf_spi_rxd_get
                0x0000000000001470       0x12 Output/nrf52832_xxaa/Obj/ss_twr_init/nrf_drv_spi.o
 .text.nrf_spi_frequency_set
                0x0000000000001482       0x14 Output/nrf52832_xxaa/Obj/ss_twr_init/nrf_drv_spi.o
 .text.nrf_spi_configure
                0x0000000000001496       0x64 Output/nrf52832_xxaa/Obj/ss_twr_init/nrf_drv_spi.o
 .text.nrf_drv_common_irq_disable
                0x00000000000014fa       0x1c Output/nrf52832_xxaa/Obj/ss_twr_init/nrf_drv_spi.o
 .text.nrf_gpio_pin_port_decode
                0x0000000000001516        0xe Output/nrf52832_xxaa/Obj/ss_twr_init/nrf_drv_spi.o
 .text.nrf_gpio_cfg
                0x0000000000001524       0x62 Output/nrf52832_xxaa/Obj/ss_twr_init/nrf_drv_spi.o
 .text.nrf_gpio_cfg_output
                0x0000000000001586       0x22 Output/nrf52832_xxaa/Obj/ss_twr_init/nrf_drv_spi.o
 .text.nrf_gpio_cfg_input
                0x00000000000015a8       0x2a Output/nrf52832_xxaa/Obj/ss_twr_init/nrf_drv_spi.o
 .text.nrf_gpio_pin_set
                0x00000000000015d2       0x28 Output/nrf52832_xxaa/Obj/ss_twr_init/nrf_drv_spi.o
 .text.nrf_gpio_pin_clear
                0x00000000000015fa       0x28 Output/nrf52832_xxaa/Obj/ss_twr_init/nrf_drv_spi.o
 .text.nrf_gpio_port_out_set
                0x0000000000001622       0x14 Output/nrf52832_xxaa/Obj/ss_twr_init/nrf_drv_spi.o
 .text.nrf_gpio_port_out_clear
                0x0000000000001636       0x14 Output/nrf52832_xxaa/Obj/ss_twr_init/nrf_drv_spi.o
 *fill*         0x000000000000164a        0x2 
 .text.nrf_drv_spi_init
                0x000000000000164c      0x188 Output/nrf52832_xxaa/Obj/ss_twr_init/nrf_drv_spi.o
                0x000000000000164c                nrf_drv_spi_init
 .text.nrf_drv_spi_uninit
                0x00000000000017d4       0x60 Output/nrf52832_xxaa/Obj/ss_twr_init/nrf_drv_spi.o
                0x00000000000017d4                nrf_drv_spi_uninit
 .text.nrf_drv_spi_transfer
                0x0000000000001834       0x3e Output/nrf52832_xxaa/Obj/ss_twr_init/nrf_drv_spi.o
                0x0000000000001834                nrf_drv_spi_transfer
 .text.finish_transfer
                0x0000000000001872       0x3e Output/nrf52832_xxaa/Obj/ss_twr_init/nrf_drv_spi.o
 .text.transfer_byte
                0x00000000000018b0      0x108 Output/nrf52832_xxaa/Obj/ss_twr_init/nrf_drv_spi.o
 .text.spi_xfer
                0x00000000000019b8       0xca Output/nrf52832_xxaa/Obj/ss_twr_init/nrf_drv_spi.o
 *fill*         0x0000000000001a82        0x2 
 .text.nrf_drv_spi_xfer
                0x0000000000001a84       0xc4 Output/nrf52832_xxaa/Obj/ss_twr_init/nrf_drv_spi.o
                0x0000000000001a84                nrf_drv_spi_xfer
 .text.irq_handler_spi
                0x0000000000001b48       0x34 Output/nrf52832_xxaa/Obj/ss_twr_init/nrf_drv_spi.o
 .text.SPIM1_SPIS1_TWIM1_TWIS1_SPI1_TWI1_IRQHandler
                0x0000000000001b7c       0x20 Output/nrf52832_xxaa/Obj/ss_twr_init/nrf_drv_spi.o
                0x0000000000001b7c                SPIM1_SPIS1_TWIM1_TWIS1_SPI1_TWI1_IRQHandler
 .text.nrf_uart_event_clear
                0x0000000000001b9c       0x2a Output/nrf52832_xxaa/Obj/ss_twr_init/nrf_drv_uart.o
 .text.nrf_uart_event_check
                0x0000000000001bc6       0x24 Output/nrf52832_xxaa/Obj/ss_twr_init/nrf_drv_uart.o
 .text.nrf_uart_int_enable
                0x0000000000001bea       0x14 Output/nrf52832_xxaa/Obj/ss_twr_init/nrf_drv_uart.o
 .text.nrf_uart_int_enable_check
                0x0000000000001bfe       0x20 Output/nrf52832_xxaa/Obj/ss_twr_init/nrf_drv_uart.o
 .text.nrf_uart_int_disable
                0x0000000000001c1e       0x14 Output/nrf52832_xxaa/Obj/ss_twr_init/nrf_drv_uart.o
 .text.nrf_uart_errorsrc_get_and_clear
                0x0000000000001c32       0x1c Output/nrf52832_xxaa/Obj/ss_twr_init/nrf_drv_uart.o
 .text.nrf_uart_enable
                0x0000000000001c4e       0x12 Output/nrf52832_xxaa/Obj/ss_twr_init/nrf_drv_uart.o
 .text.nrf_uart_txrx_pins_set
                0x0000000000001c60       0x1e Output/nrf52832_xxaa/Obj/ss_twr_init/nrf_drv_uart.o
 .text.nrf_uart_hwfc_pins_set
                0x0000000000001c7e       0x1e Output/nrf52832_xxaa/Obj/ss_twr_init/nrf_drv_uart.o
 .text.nrf_uart_rxd_get
                0x0000000000001c9c       0x12 Output/nrf52832_xxaa/Obj/ss_twr_init/nrf_drv_uart.o
 .text.nrf_uart_txd_set
                0x0000000000001cae       0x1a Output/nrf52832_xxaa/Obj/ss_twr_init/nrf_drv_uart.o
 .text.nrf_uart_task_trigger
                0x0000000000001cc8       0x1c Output/nrf52832_xxaa/Obj/ss_twr_init/nrf_drv_uart.o
 .text.nrf_uart_configure
                0x0000000000001ce4       0x2a Output/nrf52832_xxaa/Obj/ss_twr_init/nrf_drv_uart.o
 .text.nrf_uart_baudrate_set
                0x0000000000001d0e       0x14 Output/nrf52832_xxaa/Obj/ss_twr_init/nrf_drv_uart.o
 .text.nrf_uarte_event_clear
                0x0000000000001d22       0x2a Output/nrf52832_xxaa/Obj/ss_twr_init/nrf_drv_uart.o
 .text.nrf_uarte_event_check
                0x0000000000001d4c       0x24 Output/nrf52832_xxaa/Obj/ss_twr_init/nrf_drv_uart.o
 .text.nrf_uarte_shorts_enable
                0x0000000000001d70       0x1c Output/nrf52832_xxaa/Obj/ss_twr_init/nrf_drv_uart.o
 .text.nrf_uarte_shorts_disable
                0x0000000000001d8c       0x1e Output/nrf52832_xxaa/Obj/ss_twr_init/nrf_drv_uart.o
 .text.nrf_uarte_int_enable
                0x0000000000001daa       0x14 Output/nrf52832_xxaa/Obj/ss_twr_init/nrf_drv_uart.o
 .text.nrf_uarte_int_disable
                0x0000000000001dbe       0x14 Output/nrf52832_xxaa/Obj/ss_twr_init/nrf_drv_uart.o
 .text.nrf_uarte_errorsrc_get_and_clear
                0x0000000000001dd2       0x1c Output/nrf52832_xxaa/Obj/ss_twr_init/nrf_drv_uart.o
 .text.nrf_uarte_enable
                0x0000000000001dee       0x12 Output/nrf52832_xxaa/Obj/ss_twr_init/nrf_drv_uart.o
 .text.nrf_uarte_txrx_pins_set
                0x0000000000001e00       0x1e Output/nrf52832_xxaa/Obj/ss_twr_init/nrf_drv_uart.o
 .text.nrf_uarte_hwfc_pins_set
                0x0000000000001e1e       0x1e Output/nrf52832_xxaa/Obj/ss_twr_init/nrf_drv_uart.o
 .text.nrf_uarte_task_trigger
                0x0000000000001e3c       0x1c Output/nrf52832_xxaa/Obj/ss_twr_init/nrf_drv_uart.o
 .text.nrf_uarte_configure
                0x0000000000001e58       0x2a Output/nrf52832_xxaa/Obj/ss_twr_init/nrf_drv_uart.o
 .text.nrf_uarte_baudrate_set
                0x0000000000001e82       0x14 Output/nrf52832_xxaa/Obj/ss_twr_init/nrf_drv_uart.o
 .text.nrf_uarte_tx_buffer_set
                0x0000000000001e96       0x24 Output/nrf52832_xxaa/Obj/ss_twr_init/nrf_drv_uart.o
 .text.nrf_uarte_tx_amount_get
                0x0000000000001eba       0x10 Output/nrf52832_xxaa/Obj/ss_twr_init/nrf_drv_uart.o
 .text.nrf_uarte_rx_buffer_set
                0x0000000000001eca       0x24 Output/nrf52832_xxaa/Obj/ss_twr_init/nrf_drv_uart.o
 .text.nrf_uarte_rx_amount_get
                0x0000000000001eee       0x10 Output/nrf52832_xxaa/Obj/ss_twr_init/nrf_drv_uart.o
 .text.nrf_drv_get_IRQn
                0x0000000000001efe       0x16 Output/nrf52832_xxaa/Obj/ss_twr_init/nrf_drv_uart.o
 .text.nrf_drv_is_in_RAM
                0x0000000000001f14       0x1c Output/nrf52832_xxaa/Obj/ss_twr_init/nrf_drv_uart.o
 .text.nrf_gpio_pin_port_decode
                0x0000000000001f30        0xe Output/nrf52832_xxaa/Obj/ss_twr_init/nrf_drv_uart.o
 .text.nrf_gpio_cfg
                0x0000000000001f3e       0x62 Output/nrf52832_xxaa/Obj/ss_twr_init/nrf_drv_uart.o
 .text.nrf_gpio_cfg_output
                0x0000000000001fa0       0x22 Output/nrf52832_xxaa/Obj/ss_twr_init/nrf_drv_uart.o
 .text.nrf_gpio_cfg_input
                0x0000000000001fc2       0x2a Output/nrf52832_xxaa/Obj/ss_twr_init/nrf_drv_uart.o
 .text.nrf_gpio_pin_set
                0x0000000000001fec       0x28 Output/nrf52832_xxaa/Obj/ss_twr_init/nrf_drv_uart.o
 .text.nrf_gpio_port_out_set
                0x0000000000002014       0x14 Output/nrf52832_xxaa/Obj/ss_twr_init/nrf_drv_uart.o
 .text.apply_config
                0x0000000000002028      0x160 Output/nrf52832_xxaa/Obj/ss_twr_init/nrf_drv_uart.o
 .text.interrupts_enable
                0x0000000000002188       0xd4 Output/nrf52832_xxaa/Obj/ss_twr_init/nrf_drv_uart.o
 .text.uart_enable
                0x000000000000225c       0x3c Output/nrf52832_xxaa/Obj/ss_twr_init/nrf_drv_uart.o
 .text.nrf_drv_uart_init
                0x0000000000002298       0x90 Output/nrf52832_xxaa/Obj/ss_twr_init/nrf_drv_uart.o
                0x0000000000002298                nrf_drv_uart_init
 .text.tx_byte  0x0000000000002328       0x46 Output/nrf52832_xxaa/Obj/ss_twr_init/nrf_drv_uart.o
 *fill*         0x000000000000236e        0x2 
 .text.nrf_drv_uart_tx_for_uart
                0x0000000000002370       0xe4 Output/nrf52832_xxaa/Obj/ss_twr_init/nrf_drv_uart.o
 .text.nrf_drv_uart_tx_for_uarte
                0x0000000000002454       0xbc Output/nrf52832_xxaa/Obj/ss_twr_init/nrf_drv_uart.o
 .text.nrf_drv_uart_tx
                0x0000000000002510       0xa0 Output/nrf52832_xxaa/Obj/ss_twr_init/nrf_drv_uart.o
                0x0000000000002510                nrf_drv_uart_tx
 .text.nrf_drv_uart_tx_in_progress
                0x00000000000025b0       0x28 Output/nrf52832_xxaa/Obj/ss_twr_init/nrf_drv_uart.o
                0x00000000000025b0                nrf_drv_uart_tx_in_progress
 .text.rx_enable
                0x00000000000025d8       0x36 Output/nrf52832_xxaa/Obj/ss_twr_init/nrf_drv_uart.o
 .text.rx_byte  0x000000000000260e       0x54 Output/nrf52832_xxaa/Obj/ss_twr_init/nrf_drv_uart.o
 *fill*         0x0000000000002662        0x2 
 .text.nrf_drv_uart_rx_for_uart
                0x0000000000002664      0x158 Output/nrf52832_xxaa/Obj/ss_twr_init/nrf_drv_uart.o
 .text.nrf_drv_uart_rx_for_uarte
                0x00000000000027bc      0x130 Output/nrf52832_xxaa/Obj/ss_twr_init/nrf_drv_uart.o
 .text.nrf_drv_uart_rx
                0x00000000000028ec      0x158 Output/nrf52832_xxaa/Obj/ss_twr_init/nrf_drv_uart.o
                0x00000000000028ec                nrf_drv_uart_rx
 .text.nrf_drv_uart_rx_enable
                0x0000000000002a44       0x54 Output/nrf52832_xxaa/Obj/ss_twr_init/nrf_drv_uart.o
                0x0000000000002a44                nrf_drv_uart_rx_enable
 .text.rx_done_event
                0x0000000000002a98       0x36 Output/nrf52832_xxaa/Obj/ss_twr_init/nrf_drv_uart.o
 .text.tx_done_event
                0x0000000000002ace       0x3c Output/nrf52832_xxaa/Obj/ss_twr_init/nrf_drv_uart.o
 .text.uart_irq_handler
                0x0000000000002b0a      0x1d4 Output/nrf52832_xxaa/Obj/ss_twr_init/nrf_drv_uart.o
 .text.uarte_irq_handler
                0x0000000000002cde      0x160 Output/nrf52832_xxaa/Obj/ss_twr_init/nrf_drv_uart.o
 *fill*         0x0000000000002e3e        0x2 
 .text.UARTE0_UART0_IRQHandler
                0x0000000000002e40       0x28 Output/nrf52832_xxaa/Obj/ss_twr_init/nrf_drv_uart.o
                0x0000000000002e40                UARTE0_UART0_IRQHandler
 .text.nrf_clock_int_disable
                0x0000000000002e68       0x14 Output/nrf52832_xxaa/Obj/ss_twr_init/nrf_drv_clock.o
 .text.nrf_clock_event_clear
                0x0000000000002e7c       0x28 Output/nrf52832_xxaa/Obj/ss_twr_init/nrf_drv_clock.o
 .text.nrf_clock_event_check
                0x0000000000002ea4       0x22 Output/nrf52832_xxaa/Obj/ss_twr_init/nrf_drv_clock.o
 .text.item_dequeue
                0x0000000000002ec6       0x20 Output/nrf52832_xxaa/Obj/ss_twr_init/nrf_drv_clock.o
 *fill*         0x0000000000002ee6        0x2 
 .text.clock_clk_started_notify
                0x0000000000002ee8       0x4c Output/nrf52832_xxaa/Obj/ss_twr_init/nrf_drv_clock.o
 .text.POWER_CLOCK_IRQHandler
                0x0000000000002f34       0x5c Output/nrf52832_xxaa/Obj/ss_twr_init/nrf_drv_clock.o
                0x0000000000002f34                POWER_CLOCK_IRQHandler
 .text.app_error_handler_bare
                0x0000000000002f90       0x2a Output/nrf52832_xxaa/Obj/ss_twr_init/app_error.o
                0x0000000000002f90                app_error_handler_bare
 *fill*         0x0000000000002fba        0x2 
 .text.__NVIC_SystemReset
                0x0000000000002fbc       0x28 Output/nrf52832_xxaa/Obj/ss_twr_init/app_error_weak.o
 .text.app_error_fault_handler
                0x0000000000002fe4       0x20 Output/nrf52832_xxaa/Obj/ss_twr_init/app_error_weak.o
                0x0000000000002fe4                app_error_fault_handler
 .text.fifo_length
                0x0000000000003004       0x18 Output/nrf52832_xxaa/Obj/ss_twr_init/app_fifo.o
 .text.fifo_put
                0x000000000000301c       0x30 Output/nrf52832_xxaa/Obj/ss_twr_init/app_fifo.o
 .text.fifo_peek
                0x000000000000304c       0x2e Output/nrf52832_xxaa/Obj/ss_twr_init/app_fifo.o
 .text.fifo_get
                0x000000000000307a       0x24 Output/nrf52832_xxaa/Obj/ss_twr_init/app_fifo.o
 .text.app_fifo_init
                0x000000000000309e       0x58 Output/nrf52832_xxaa/Obj/ss_twr_init/app_fifo.o
                0x000000000000309e                app_fifo_init
 .text.app_fifo_put
                0x00000000000030f6       0x36 Output/nrf52832_xxaa/Obj/ss_twr_init/app_fifo.o
                0x00000000000030f6                app_fifo_put
 .text.app_fifo_get
                0x000000000000312c       0x2a Output/nrf52832_xxaa/Obj/ss_twr_init/app_fifo.o
                0x000000000000312c                app_fifo_get
 .text.fifo_length
                0x0000000000003156       0x18 Output/nrf52832_xxaa/Obj/ss_twr_init/app_uart_fifo.o
 *fill*         0x000000000000316e        0x2 
 .text.uart_event_handler
                0x0000000000003170       0xfc Output/nrf52832_xxaa/Obj/ss_twr_init/app_uart_fifo.o
 .text.app_uart_init
                0x000000000000326c      0x128 Output/nrf52832_xxaa/Obj/ss_twr_init/app_uart_fifo.o
                0x000000000000326c                app_uart_init
 .text.app_uart_put
                0x0000000000003394       0x60 Output/nrf52832_xxaa/Obj/ss_twr_init/app_uart_fifo.o
                0x0000000000003394                app_uart_put
 .text.__putchar
                0x00000000000033f4       0x1c Output/nrf52832_xxaa/Obj/ss_twr_init/retarget.o
                0x00000000000033f4                __putchar
 .text.dwt_initialise
                0x0000000000003410      0x184 Output/nrf52832_xxaa/Obj/ss_twr_init/deca_device.o
                0x0000000000003410                dwt_initialise
 .text.dwt_readdevid
                0x0000000000003594       0x10 Output/nrf52832_xxaa/Obj/ss_twr_init/deca_device.o
                0x0000000000003594                dwt_readdevid
 .text.dwt_configure
                0x00000000000035a4      0x304 Output/nrf52832_xxaa/Obj/ss_twr_init/deca_device.o
                0x00000000000035a4                dwt_configure
 .text.dwt_setrxantennadelay
                0x00000000000038a8       0x22 Output/nrf52832_xxaa/Obj/ss_twr_init/deca_device.o
                0x00000000000038a8                dwt_setrxantennadelay
 .text.dwt_settxantennadelay
                0x00000000000038ca       0x20 Output/nrf52832_xxaa/Obj/ss_twr_init/deca_device.o
                0x00000000000038ca                dwt_settxantennadelay
 .text.dwt_writetxdata
                0x00000000000038ea       0x46 Output/nrf52832_xxaa/Obj/ss_twr_init/deca_device.o
                0x00000000000038ea                dwt_writetxdata
 .text.dwt_writetxfctrl
                0x0000000000003930       0x44 Output/nrf52832_xxaa/Obj/ss_twr_init/deca_device.o
                0x0000000000003930                dwt_writetxfctrl
 .text.dwt_readrxdata
                0x0000000000003974       0x2a Output/nrf52832_xxaa/Obj/ss_twr_init/deca_device.o
                0x0000000000003974                dwt_readrxdata
 .text.dwt_readcarrierintegrator
                0x000000000000399e       0x60 Output/nrf52832_xxaa/Obj/ss_twr_init/deca_device.o
                0x000000000000399e                dwt_readcarrierintegrator
 .text.dwt_readtxtimestamplo32
                0x00000000000039fe       0x10 Output/nrf52832_xxaa/Obj/ss_twr_init/deca_device.o
                0x00000000000039fe                dwt_readtxtimestamplo32
 .text.dwt_readrxtimestamplo32
                0x0000000000003a0e       0x10 Output/nrf52832_xxaa/Obj/ss_twr_init/deca_device.o
                0x0000000000003a0e                dwt_readrxtimestamplo32
 .text.dwt_writetodevice
                0x0000000000003a1e       0xbc Output/nrf52832_xxaa/Obj/ss_twr_init/deca_device.o
                0x0000000000003a1e                dwt_writetodevice
 .text.dwt_readfromdevice
                0x0000000000003ada       0xb6 Output/nrf52832_xxaa/Obj/ss_twr_init/deca_device.o
                0x0000000000003ada                dwt_readfromdevice
 .text.dwt_read32bitoffsetreg
                0x0000000000003b90       0x48 Output/nrf52832_xxaa/Obj/ss_twr_init/deca_device.o
                0x0000000000003b90                dwt_read32bitoffsetreg
 .text.dwt_read16bitoffsetreg
                0x0000000000003bd8       0x40 Output/nrf52832_xxaa/Obj/ss_twr_init/deca_device.o
                0x0000000000003bd8                dwt_read16bitoffsetreg
 .text.dwt_read8bitoffsetreg
                0x0000000000003c18       0x26 Output/nrf52832_xxaa/Obj/ss_twr_init/deca_device.o
                0x0000000000003c18                dwt_read8bitoffsetreg
 .text.dwt_write8bitoffsetreg
                0x0000000000003c3e       0x28 Output/nrf52832_xxaa/Obj/ss_twr_init/deca_device.o
                0x0000000000003c3e                dwt_write8bitoffsetreg
 .text.dwt_write16bitoffsetreg
                0x0000000000003c66       0x3e Output/nrf52832_xxaa/Obj/ss_twr_init/deca_device.o
                0x0000000000003c66                dwt_write16bitoffsetreg
 .text.dwt_write32bitoffsetreg
                0x0000000000003ca4       0x48 Output/nrf52832_xxaa/Obj/ss_twr_init/deca_device.o
                0x0000000000003ca4                dwt_write32bitoffsetreg
 .text._dwt_otpread
                0x0000000000003cec       0x3c Output/nrf52832_xxaa/Obj/ss_twr_init/deca_device.o
                0x0000000000003cec                _dwt_otpread
 .text._dwt_aonarrayupload
                0x0000000000003d28       0x1a Output/nrf52832_xxaa/Obj/ss_twr_init/deca_device.o
                0x0000000000003d28                _dwt_aonarrayupload
 .text._dwt_configlde
                0x0000000000003d42       0x3e Output/nrf52832_xxaa/Obj/ss_twr_init/deca_device.o
                0x0000000000003d42                _dwt_configlde
 .text._dwt_loaducodefromrom
                0x0000000000003d80       0x24 Output/nrf52832_xxaa/Obj/ss_twr_init/deca_device.o
                0x0000000000003d80                _dwt_loaducodefromrom
 .text.dwt_setrxaftertxdelay
                0x0000000000003da4       0x36 Output/nrf52832_xxaa/Obj/ss_twr_init/deca_device.o
                0x0000000000003da4                dwt_setrxaftertxdelay
 *fill*         0x0000000000003dda        0x2 
 .text._dwt_enableclocks
                0x0000000000003ddc      0x158 Output/nrf52832_xxaa/Obj/ss_twr_init/deca_device.o
                0x0000000000003ddc                _dwt_enableclocks
 .text._dwt_disablesequencing
                0x0000000000003f34       0x16 Output/nrf52832_xxaa/Obj/ss_twr_init/deca_device.o
                0x0000000000003f34                _dwt_disablesequencing
 *fill*         0x0000000000003f4a        0x2 
 .text.dwt_starttx
                0x0000000000003f4c       0xd4 Output/nrf52832_xxaa/Obj/ss_twr_init/deca_device.o
                0x0000000000003f4c                dwt_starttx
 .text.dwt_setrxtimeout
                0x0000000000004020       0x90 Output/nrf52832_xxaa/Obj/ss_twr_init/deca_device.o
                0x0000000000004020                dwt_setrxtimeout
 .text.dwt_rxreset
                0x00000000000040b0       0x1a Output/nrf52832_xxaa/Obj/ss_twr_init/deca_device.o
                0x00000000000040b0                dwt_rxreset
 *fill*         0x00000000000040ca        0x2 
 .text.dwt_softreset
                0x00000000000040cc       0x48 Output/nrf52832_xxaa/Obj/ss_twr_init/deca_device.o
                0x00000000000040cc                dwt_softreset
 .text.dwt_setxtaltrim
                0x0000000000004114       0x34 Output/nrf52832_xxaa/Obj/ss_twr_init/deca_device.o
                0x0000000000004114                dwt_setxtaltrim
 .text.nrf_gpio_pin_port_decode
                0x0000000000004148        0xe Output/nrf52832_xxaa/Obj/ss_twr_init/port_platform.o
 .text.nrf_gpio_cfg
                0x0000000000004156       0x62 Output/nrf52832_xxaa/Obj/ss_twr_init/port_platform.o
 .text.nrf_gpio_cfg_output
                0x00000000000041b8       0x22 Output/nrf52832_xxaa/Obj/ss_twr_init/port_platform.o
 .text.nrf_gpio_cfg_input
                0x00000000000041da       0x2a Output/nrf52832_xxaa/Obj/ss_twr_init/port_platform.o
 .text.nrf_gpio_pin_clear
                0x0000000000004204       0x28 Output/nrf52832_xxaa/Obj/ss_twr_init/port_platform.o
 .text.nrf_gpio_port_out_clear
                0x000000000000422c       0x14 Output/nrf52832_xxaa/Obj/ss_twr_init/port_platform.o
 .text.nrf_delay_us
                0x0000000000004240       0xa0 Output/nrf52832_xxaa/Obj/ss_twr_init/port_platform.o
 .text.nrf_delay_ms
                0x00000000000042e0       0x1e Output/nrf52832_xxaa/Obj/ss_twr_init/port_platform.o
 *fill*         0x00000000000042fe        0x2 
 .text.spi_event_handler
                0x0000000000004300       0x18 Output/nrf52832_xxaa/Obj/ss_twr_init/port_platform.o
                0x0000000000004300                spi_event_handler
 .text.readfromspi
                0x0000000000004318      0x144 Output/nrf52832_xxaa/Obj/ss_twr_init/port_platform.o
                0x0000000000004318                readfromspi
 .text.writetospi
                0x000000000000445c      0x130 Output/nrf52832_xxaa/Obj/ss_twr_init/port_platform.o
                0x000000000000445c                writetospi
 .text.reset_DW1000
                0x000000000000458c       0x26 Output/nrf52832_xxaa/Obj/ss_twr_init/port_platform.o
                0x000000000000458c                reset_DW1000
 *fill*         0x00000000000045b2        0x2 
 .text.port_set_dw1000_slowrate
                0x00000000000045b4       0x48 Output/nrf52832_xxaa/Obj/ss_twr_init/port_platform.o
                0x00000000000045b4                port_set_dw1000_slowrate
 .text.port_set_dw1000_fastrate
                0x00000000000045fc       0x4c Output/nrf52832_xxaa/Obj/ss_twr_init/port_platform.o
                0x00000000000045fc                port_set_dw1000_fastrate
 .text.deca_sleep
                0x0000000000004648       0x14 Output/nrf52832_xxaa/Obj/ss_twr_init/port_platform.o
                0x0000000000004648                deca_sleep
 .text.vListInsertEnd
                0x000000000000465c       0x3e Output/nrf52832_xxaa/Obj/ss_twr_init/list.o
                0x000000000000465c                vListInsertEnd
 .text.uxListRemove
                0x000000000000469a       0x4a Output/nrf52832_xxaa/Obj/ss_twr_init/list.o
                0x000000000000469a                uxListRemove
 .text.xTaskGetTickCount
                0x00000000000046e4       0x14 Output/nrf52832_xxaa/Obj/ss_twr_init/tasks.o
                0x00000000000046e4                xTaskGetTickCount
 .text.xTaskIncrementTick
                0x00000000000046f8      0x13c Output/nrf52832_xxaa/Obj/ss_twr_init/tasks.o
                0x00000000000046f8                xTaskIncrementTick
 .text.vTaskSwitchContext
                0x0000000000004834       0x90 Output/nrf52832_xxaa/Obj/ss_twr_init/tasks.o
                0x0000000000004834                vTaskSwitchContext
 .text.prvResetNextTaskUnblockTime
                0x00000000000048c4       0x40 Output/nrf52832_xxaa/Obj/ss_twr_init/tasks.o
 .text.xTaskGetSchedulerState
                0x0000000000004904       0x34 Output/nrf52832_xxaa/Obj/ss_twr_init/tasks.o
                0x0000000000004904                xTaskGetSchedulerState
 .text.ulPortRaiseBASEPRI
                0x0000000000004938       0x20 Output/nrf52832_xxaa/Obj/ss_twr_init/port_cmsis_systick.o
 .text.nrf_rtc_event_clear
                0x0000000000004958       0x2a Output/nrf52832_xxaa/Obj/ss_twr_init/port_cmsis_systick.o
 .text.nrf_rtc_counter_get
                0x0000000000004982       0x10 Output/nrf52832_xxaa/Obj/ss_twr_init/port_cmsis_systick.o
 *fill*         0x0000000000004992        0x2 
 .text.RTC1_IRQHandler
                0x0000000000004994       0x88 Output/nrf52832_xxaa/Obj/ss_twr_init/port_cmsis_systick.o
                0x0000000000004994                RTC1_IRQHandler
 .text.SVC_Handler
                0x0000000000004a1c       0x24 Output/nrf52832_xxaa/Obj/ss_twr_init/port.o
                0x0000000000004a1c                SVC_Handler
 .text.PendSV_Handler
                0x0000000000004a40       0x64 Output/nrf52832_xxaa/Obj/ss_twr_init/port.o
                0x0000000000004a40                PendSV_Handler
 .text.boUART_Init
                0x0000000000004aa4       0x48 Output/nrf52832_xxaa/Obj/ss_twr_init/UART.o
                0x0000000000004aa4                boUART_Init
 .text.vUartErrorHandle
                0x0000000000004aec       0x34 Output/nrf52832_xxaa/Obj/ss_twr_init/UART.o
 .text.vHandleUartInternalErrors
                0x0000000000004b20        0xa Output/nrf52832_xxaa/Obj/ss_twr_init/UART.o
 *fill*         0x0000000000004b2a        0x2 
 .text.__aeabi_dadd
                0x0000000000004b2c      0x244 C:/Program Files/SEGGER/SEGGER Embedded Studio for ARM 5.64/lib/libm_v7em_fpv4_sp_d16_hard_t_le_eabi.a(libm_asm.o)
                0x0000000000004b2c                __aeabi_dadd
 .text.__aeabi_dmul
                0x0000000000004d70      0x138 C:/Program Files/SEGGER/SEGGER Embedded Studio for ARM 5.64/lib/libm_v7em_fpv4_sp_d16_hard_t_le_eabi.a(libm_asm.o)
                0x0000000000004d70                __aeabi_dmul
 .text.__aeabi_ddiv
                0x0000000000004ea8      0x1cc C:/Program Files/SEGGER/SEGGER Embedded Studio for ARM 5.64/lib/libm_v7em_fpv4_sp_d16_hard_t_le_eabi.a(libm_asm.o)
                0x0000000000004ea8                __aeabi_ddiv
 .text.__aeabi_dcmple
                0x0000000000005074       0x3c C:/Program Files/SEGGER/SEGGER Embedded Studio for ARM 5.64/lib/libm_v7em_fpv4_sp_d16_hard_t_le_eabi.a(libm_asm.o)
                0x0000000000005074                __aeabi_dcmple
 .text.__aeabi_dcmpge
                0x00000000000050b0       0x3c C:/Program Files/SEGGER/SEGGER Embedded Studio for ARM 5.64/lib/libm_v7em_fpv4_sp_d16_hard_t_le_eabi.a(libm_asm.o)
                0x00000000000050b0                __aeabi_dcmpge
 .text.__aeabi_d2uiz
                0x00000000000050ec       0x28 C:/Program Files/SEGGER/SEGGER Embedded Studio for ARM 5.64/lib/libm_v7em_fpv4_sp_d16_hard_t_le_eabi.a(libm_asm.o)
                0x00000000000050ec                __aeabi_d2uiz
 .text.__aeabi_i2d
                0x0000000000005114       0x28 C:/Program Files/SEGGER/SEGGER Embedded Studio for ARM 5.64/lib/libm_v7em_fpv4_sp_d16_hard_t_le_eabi.a(libm_asm.o)
                0x0000000000005114                __aeabi_i2d
 .text.__aeabi_f2d
                0x000000000000513c       0x34 C:/Program Files/SEGGER/SEGGER Embedded Studio for ARM 5.64/lib/libm_v7em_fpv4_sp_d16_hard_t_le_eabi.a(libm_asm.o)
                0x000000000000513c                __aeabi_f2d
 .text.__aeabi_d2f
                0x0000000000005170       0x54 C:/Program Files/SEGGER/SEGGER Embedded Studio for ARM 5.64/lib/libm_v7em_fpv4_sp_d16_hard_t_le_eabi.a(libm_asm.o)
                0x0000000000005170                __aeabi_d2f
 .text.__float32_isinf
                0x00000000000051c4       0x14 C:/Program Files/SEGGER/SEGGER Embedded Studio for ARM 5.64/lib/libm_v7em_fpv4_sp_d16_hard_t_le_eabi.a(libm_asm.o)
                0x00000000000051c4                __float32_isinf
 .text.__float32_isnan
                0x00000000000051d8       0x14 C:/Program Files/SEGGER/SEGGER Embedded Studio for ARM 5.64/lib/libm_v7em_fpv4_sp_d16_hard_t_le_eabi.a(libm_asm.o)
                0x00000000000051d8                __float32_isnan
 .text.__float32_signbit
                0x00000000000051ec        0xc C:/Program Files/SEGGER/SEGGER Embedded Studio for ARM 5.64/lib/libm_v7em_fpv4_sp_d16_hard_t_le_eabi.a(libm_asm.o)
                0x00000000000051ec                __float32_signbit
 .text.fabsf    0x00000000000051f8        0x8 C:/Program Files/SEGGER/SEGGER Embedded Studio for ARM 5.64/lib/libm_v7em_fpv4_sp_d16_hard_t_le_eabi.a(libm_asm.o)
                0x00000000000051f8                fabsf
                0x00000000000051f8                fabs(float)
 .text.floorf   0x0000000000005200       0x70 C:/Program Files/SEGGER/SEGGER Embedded Studio for ARM 5.64/lib/libm_v7em_fpv4_sp_d16_hard_t_le_eabi.a(libm_asm.o)
                0x0000000000005200                floorf
                0x0000000000005200                floor(float)
 .text.frexpf   0x0000000000005270       0x3c C:/Program Files/SEGGER/SEGGER Embedded Studio for ARM 5.64/lib/libm_v7em_fpv4_sp_d16_hard_t_le_eabi.a(libm_asm.o)
                0x0000000000005270                frexpf
                0x0000000000005270                frexp(float, int*)
 .text.ldexpf   0x00000000000052ac       0x48 C:/Program Files/SEGGER/SEGGER Embedded Studio for ARM 5.64/lib/libm_v7em_fpv4_sp_d16_hard_t_le_eabi.a(libm_asm.o)
                0x00000000000052ac                ldexp(float, int)
                0x00000000000052ac                ldexpf
 .text.libc.__RAL_pow10f
                0x00000000000052f4       0x40 C:/Program Files/SEGGER/SEGGER Embedded Studio for ARM 5.64/lib/libc_v7em_fpv4_sp_d16_hard_t_le_eabi.a(libc2.o)
                0x00000000000052f4                __RAL_pow10f
 .text.libc.__putc
                0x0000000000005334       0x34 C:/Program Files/SEGGER/SEGGER Embedded Studio for ARM 5.64/lib/libc_v7em_fpv4_sp_d16_hard_t_le_eabi.a(libc2.o)
                0x0000000000005334                __putc
 .text.libc.__RAL_print_padding
                0x0000000000005368       0x54 C:/Program Files/SEGGER/SEGGER Embedded Studio for ARM 5.64/lib/libc_v7em_fpv4_sp_d16_hard_t_le_eabi.a(libc2.o)
                0x0000000000005368                __RAL_print_padding
 .text.libc.__RAL_pre_padding
                0x00000000000053bc       0x64 C:/Program Files/SEGGER/SEGGER Embedded Studio for ARM 5.64/lib/libc_v7em_fpv4_sp_d16_hard_t_le_eabi.a(libc2.o)
                0x00000000000053bc                __RAL_pre_padding
 .text.libc.abs
                0x0000000000005420        0x8 C:/Program Files/SEGGER/SEGGER Embedded Studio for ARM 5.64/lib/libc_v7em_fpv4_sp_d16_hard_t_le_eabi.a(libc2.o)
                0x0000000000005420                abs
 .text.libc.__aeabi_errno_addr
                0x0000000000005428       0x14 C:/Program Files/SEGGER/SEGGER Embedded Studio for ARM 5.64/lib/libc_v7em_fpv4_sp_d16_hard_t_le_eabi.a(libc2.o)
                0x0000000000005428                __aeabi_errno_addr
 .text.libc.memcmp
                0x000000000000543c       0x74 C:/Program Files/SEGGER/SEGGER Embedded Studio for ARM 5.64/lib/libc_v7em_fpv4_sp_d16_hard_t_le_eabi.a(libc2.o)
                0x000000000000543c                memcmp
 .text.libc.printf
                0x00000000000054b0       0x44 C:/Program Files/SEGGER/SEGGER Embedded Studio for ARM 5.64/lib/libc_v7em_fpv4_sp_d16_hard_t_le_eabi.a(libc2.o)
                0x00000000000054b0                printf
 .text.libc.strnlen
                0x00000000000054f4       0x28 C:/Program Files/SEGGER/SEGGER Embedded Studio for ARM 5.64/lib/libc_v7em_fpv4_sp_d16_hard_t_le_eabi.a(libc2.o)
                0x00000000000054f4                strnlen
 .text.libc.memcpy
                0x000000000000551c       0x52 C:/Program Files/SEGGER/SEGGER Embedded Studio for ARM 5.64/lib/libc_v7em_fpv4_sp_d16_hard_t_le_eabi.a(libc2_asm.o)
                0x000000000000551c                __aeabi_memcpy
                0x000000000000551c                memcpy
                0x0000000000005528                __aeabi_memcpy8
                0x0000000000005528                __aeabi_memcpy4
 .text.libc.memset
                0x000000000000556e       0x66 C:/Program Files/SEGGER/SEGGER Embedded Studio for ARM 5.64/lib/libc_v7em_fpv4_sp_d16_hard_t_le_eabi.a(libc2_asm.o)
                0x000000000000556e                memset
 .text.libc.strlen
                0x00000000000055d4       0x60 C:/Program Files/SEGGER/SEGGER Embedded Studio for ARM 5.64/lib/libc_v7em_fpv4_sp_d16_hard_t_le_eabi.a(libc2_asm.o)
                0x00000000000055d4                strlen
 .text.libc.__vfprintf_short_float_long
                0x0000000000005634      0xe68 C:/Program Files/SEGGER/SEGGER Embedded Studio for ARM 5.64/lib/libc_v7em_fpv4_sp_d16_hard_t_le_eabi.a(libvfprintf.o)
                0x0000000000005634                __vfprintf_short_float_long
 .text.libc.modff
                0x000000000000649c       0x5c C:/Program Files/SEGGER/SEGGER Embedded Studio for ARM 5.64/lib/libm_v7em_fpv4_sp_d16_hard_t_le_eabi.a(libm2.o)
                0x000000000000649c                modf(float, float*)
                0x000000000000649c                modff
 .text.libc.fmodf
                0x00000000000064f8       0xfc C:/Program Files/SEGGER/SEGGER Embedded Studio for ARM 5.64/lib/libm_v7em_fpv4_sp_d16_hard_t_le_eabi.a(libm2.o)
                0x00000000000064f8                fmod(float, float)
                0x00000000000064f8                fmodf
                0x00000000000065f4                __text_end__ = (__text_start__ + SIZEOF (.text))
                0x0000000000006344                __text_size__ = SIZEOF (.text)
                0x00000000000065f4                __text_load_end__ = __text_end__

.vfp11_veneer   0x0000000100000000        0x0
 .vfp11_veneer  0x0000000100000000        0x0 linker stubs

.v4_bx          0x0000000100000000        0x0
 .v4_bx         0x0000000100000000        0x0 linker stubs

.iplt           0x0000000100000000        0x0
 .iplt          0x0000000100000000        0x0 Output/nrf52832_xxaa/Obj/ss_twr_init/thumb_crt0.o
                0x0000000000000001                . = ASSERT (((__text_start__ == __text_end__) || ((__text_end__ - __FLASH_segment_start__) <= __FLASH_segment_size__)), error: .text is too large to fit in FLASH memory segment)
                0x00000000000065f4                __dtors_load_start__ = ALIGN (__text_end__, 0x4)

.dtors          0x00000000000065f4        0x0
                0x00000000000065f4                __dtors_start__ = .
 *(SORT_BY_NAME(.dtors.*))
 *(.dtors)
 *(.fini_array)
 *(SORT_BY_NAME(.fini_array.*))
                0x00000000000065f4                __dtors_end__ = (__dtors_start__ + SIZEOF (.dtors))
                0x0000000000000000                __dtors_size__ = SIZEOF (.dtors)
                0x00000000000065f4                __dtors_load_end__ = __dtors_end__
                0x0000000000000001                . = ASSERT (((__dtors_start__ == __dtors_end__) || ((__dtors_end__ - __FLASH_segment_start__) <= __FLASH_segment_size__)), error: .dtors is too large to fit in FLASH memory segment)
                0x00000000000065f4                __ctors_load_start__ = ALIGN (__dtors_end__, 0x4)

.ctors          0x00000000000065f4        0x0
                0x00000000000065f4                __ctors_start__ = .
 *(SORT_BY_NAME(.ctors.*))
 *(.ctors)
 *(.init_array)
 *(SORT_BY_NAME(.init_array.*))
                0x00000000000065f4                __ctors_end__ = (__ctors_start__ + SIZEOF (.ctors))
                0x0000000000000000                __ctors_size__ = SIZEOF (.ctors)
                0x00000000000065f4                __ctors_load_end__ = __ctors_end__
                0x0000000000000001                . = ASSERT (((__ctors_start__ == __ctors_end__) || ((__ctors_end__ - __FLASH_segment_start__) <= __FLASH_segment_size__)), error: .ctors is too large to fit in FLASH memory segment)
                0x00000000000065f4                __rodata_load_start__ = ALIGN (__ctors_end__, 0x4)

.rodata         0x00000000000065f4      0x22c
                0x00000000000065f4                __rodata_start__ = .
 *(.rodata .rodata.* .gnu.linkonce.r.*)
 .rodata        0x00000000000065f4        0x9 Output/nrf52832_xxaa/Obj/ss_twr_init/ss_init_main.o
 *fill*         0x00000000000065fd        0x3 
 .rodata        0x0000000000006600       0x20 Output/nrf52832_xxaa/Obj/ss_twr_init/app_uart_fifo.o
 .rodata.chan_idx
                0x0000000000006620        0x8 Output/nrf52832_xxaa/Obj/ss_twr_init/deca_params_init.o
                0x0000000000006620                chan_idx
 .rodata.tx_config
                0x0000000000006628       0x18 Output/nrf52832_xxaa/Obj/ss_twr_init/deca_params_init.o
                0x0000000000006628                tx_config
 .rodata.fs_pll_cfg
                0x0000000000006640       0x18 Output/nrf52832_xxaa/Obj/ss_twr_init/deca_params_init.o
                0x0000000000006640                fs_pll_cfg
 .rodata.fs_pll_tune
                0x0000000000006658        0x6 Output/nrf52832_xxaa/Obj/ss_twr_init/deca_params_init.o
                0x0000000000006658                fs_pll_tune
 *fill*         0x000000000000665e        0x2 
 .rodata.rx_config
                0x0000000000006660        0x2 Output/nrf52832_xxaa/Obj/ss_twr_init/deca_params_init.o
                0x0000000000006660                rx_config
 *fill*         0x0000000000006662        0x2 
 .rodata.agc_config
                0x0000000000006664        0x8 Output/nrf52832_xxaa/Obj/ss_twr_init/deca_params_init.o
                0x0000000000006664                agc_config
 .rodata.dwnsSFDlen
                0x000000000000666c        0x3 Output/nrf52832_xxaa/Obj/ss_twr_init/deca_params_init.o
                0x000000000000666c                dwnsSFDlen
 *fill*         0x000000000000666f        0x1 
 .rodata.sftsh  0x0000000000006670        0xc Output/nrf52832_xxaa/Obj/ss_twr_init/deca_params_init.o
                0x0000000000006670                sftsh
 .rodata.dtune1
                0x000000000000667c        0x4 Output/nrf52832_xxaa/Obj/ss_twr_init/deca_params_init.o
                0x000000000000667c                dtune1
 .rodata.digital_bb_config
                0x0000000000006680       0x20 Output/nrf52832_xxaa/Obj/ss_twr_init/deca_params_init.o
                0x0000000000006680                digital_bb_config
 .rodata.lde_replicaCoeff
                0x00000000000066a0       0x32 Output/nrf52832_xxaa/Obj/ss_twr_init/deca_params_init.o
                0x00000000000066a0                lde_replicaCoeff
 *fill*         0x00000000000066d2        0x2 
 .rodata.spi    0x00000000000066d4        0x8 Output/nrf52832_xxaa/Obj/ss_twr_init/port_platform.o
 .rodata        0x00000000000066dc       0x20 Output/nrf52832_xxaa/Obj/ss_twr_init/port_platform.o
 .rodata.comm_params
                0x00000000000066fc       0x18 Output/nrf52832_xxaa/Obj/ss_twr_init/UART.o
                0x00000000000066fc                comm_params
 .rodata.libc.__RAL_hex_lc
                0x0000000000006714       0x10 C:/Program Files/SEGGER/SEGGER Embedded Studio for ARM 5.64/lib/libc_v7em_fpv4_sp_d16_hard_t_le_eabi.a(libc2.o)
                0x0000000000006714                __RAL_hex_lc
 .rodata.libc.__RAL_hex_uc
                0x0000000000006724       0x10 C:/Program Files/SEGGER/SEGGER Embedded Studio for ARM 5.64/lib/libc_v7em_fpv4_sp_d16_hard_t_le_eabi.a(libc2.o)
                0x0000000000006724                __RAL_hex_uc
 .rodata.libc.__aeabi_EDOM
                0x0000000000006734        0x4 C:/Program Files/SEGGER/SEGGER Embedded Studio for ARM 5.64/lib/libc_v7em_fpv4_sp_d16_hard_t_le_eabi.a(libc2.o)
                0x0000000000006734                __aeabi_EDOM
 .rodata.libc.powerf
                0x0000000000006738       0x18 C:/Program Files/SEGGER/SEGGER Embedded Studio for ARM 5.64/lib/libc_v7em_fpv4_sp_d16_hard_t_le_eabi.a(libc2.o)
 .rodata.libc.__vfprintf_int.str1.4
                0x0000000000006750        0x7 C:/Program Files/SEGGER/SEGGER Embedded Studio for ARM 5.64/lib/libc_v7em_fpv4_sp_d16_hard_t_le_eabi.a(libvfprintf.o)
 *fill*         0x0000000000006757        0x1 
 .rodata.libc.__vfprintf_float_long.str1.4
                0x0000000000006758       0x28 C:/Program Files/SEGGER/SEGGER Embedded Studio for ARM 5.64/lib/libc_v7em_fpv4_sp_d16_hard_t_le_eabi.a(libvfprintf.o)
 .rodata.libc.ipow10
                0x0000000000006780       0xa0 C:/Program Files/SEGGER/SEGGER Embedded Studio for ARM 5.64/lib/libc_v7em_fpv4_sp_d16_hard_t_le_eabi.a(libvfprintf.o)
                0x0000000000006820                __rodata_end__ = (__rodata_start__ + SIZEOF (.rodata))
                0x000000000000022c                __rodata_size__ = SIZEOF (.rodata)
                0x0000000000006820                __rodata_load_end__ = __rodata_end__

.rel.dyn        0x0000000000000000        0x0
 .rel.iplt      0x0000000000000000        0x0 Output/nrf52832_xxaa/Obj/ss_twr_init/thumb_crt0.o
                0x0000000000000001                . = ASSERT (((__rodata_start__ == __rodata_end__) || ((__rodata_end__ - __FLASH_segment_start__) <= __FLASH_segment_size__)), error: .rodata is too large to fit in FLASH memory segment)
                0x0000000000006820                __ARM.exidx_load_start__ = ALIGN (__rodata_end__, 0x4)

.ARM.exidx      0x0000000000006820        0x0
                0x0000000000006820                __ARM.exidx_start__ = .
                0x0000000000006820                __exidx_start = __ARM.exidx_start__
 *(.ARM.exidx .ARM.exidx.*)
                0x0000000000006820                __ARM.exidx_end__ = (__ARM.exidx_start__ + SIZEOF (.ARM.exidx))
                0x0000000000000000                __ARM.exidx_size__ = SIZEOF (.ARM.exidx)
                0x0000000000006820                __exidx_end = __ARM.exidx_end__
                0x0000000000006820                __ARM.exidx_load_end__ = __ARM.exidx_end__
                0x0000000000000001                . = ASSERT (((__ARM.exidx_start__ == __ARM.exidx_end__) || ((__ARM.exidx_end__ - __FLASH_segment_start__) <= __FLASH_segment_size__)), error: .ARM.exidx is too large to fit in FLASH memory segment)
                0x0000000000006820                __fast_load_start__ = ALIGN (__ARM.exidx_end__, 0x4)

.fast           0x0000000020000000        0x0 load address 0x0000000000006820
                0x0000000020000000                __fast_start__ = .
 *(.fast .fast.*)
                0x0000000020000000                __fast_end__ = (__fast_start__ + SIZEOF (.fast))
                0x0000000000000000                __fast_size__ = SIZEOF (.fast)
                0x0000000000006820                __fast_load_end__ = (__fast_load_start__ + SIZEOF (.fast))
                0x0000000000000001                . = ASSERT (((__fast_load_start__ == __fast_load_end__) || ((__fast_load_end__ - __FLASH_segment_start__) <= __FLASH_segment_size__)), error: .fast is too large to fit in FLASH memory segment)

.fast_run       0x0000000020000000        0x0
                0x0000000020000000                __fast_run_start__ = .
                0x0000000020000000                __fast_run_end__ = (__fast_run_start__ + SIZEOF (.fast))
                0x0000000000000000                __fast_run_size__ = (__fast_run_end__ - __fast_run_start__)
                0x0000000020000000                __fast_run_load_end__ = __fast_run_end__
                0x0000000000000001                . = ASSERT (((__fast_run_start__ == __fast_run_end__) || ((__fast_run_end__ - __SRAM_segment_start__) <= __SRAM_segment_size__)), error: .fast_run is too large to fit in SRAM memory segment)
                0x0000000000006820                __data_load_start__ = ALIGN ((__fast_load_start__ + SIZEOF (.fast)), 0x4)

.data           0x0000000020000000       0x44 load address 0x0000000000006820
                0x0000000020000000                __data_start__ = .
 *(.data .data.* .gnu.linkonce.d.*)
 .data.SystemCoreClock
                0x0000000020000000        0x4 Output/nrf52832_xxaa/Obj/ss_twr_init/system_nrf52.o
                0x0000000020000000                SystemCoreClock
 .data.config   0x0000000020000004        0xc Output/nrf52832_xxaa/Obj/ss_twr_init/main.o
 .data.id_anchor
                0x0000000020000010        0x1 Output/nrf52832_xxaa/Obj/ss_twr_init/main.o
                0x0000000020000010                id_anchor
 *fill*         0x0000000020000011        0x3 
 .data.tx_poll_msg
                0x0000000020000014        0xc Output/nrf52832_xxaa/Obj/ss_twr_init/ss_init_main.o
 .data.rx_resp_msg
                0x0000000020000020       0x14 Output/nrf52832_xxaa/Obj/ss_twr_init/ss_init_main.o
 .data.app_uart_inst
                0x0000000020000034        0x8 Output/nrf52832_xxaa/Obj/ss_twr_init/app_uart_fifo.o
 .data.pdw1000local
                0x000000002000003c        0x4 Output/nrf52832_xxaa/Obj/ss_twr_init/deca_device.o
 .data.xNextTaskUnblockTime
                0x0000000020000040        0x4 Output/nrf52832_xxaa/Obj/ss_twr_init/tasks.o
                0x0000000020000044                __data_end__ = (__data_start__ + SIZEOF (.data))
                0x0000000000000044                __data_size__ = SIZEOF (.data)
                0x0000000000006864                __data_load_end__ = (__data_load_start__ + SIZEOF (.data))

.igot.plt       0x0000000100000000        0x0
 .igot.plt      0x0000000100000000        0x0 Output/nrf52832_xxaa/Obj/ss_twr_init/thumb_crt0.o
                0x0000000000000001                . = ASSERT (((__data_load_start__ == __data_load_end__) || ((__data_load_end__ - __FLASH_segment_start__) <= __FLASH_segment_size__)), error: .data is too large to fit in FLASH memory segment)

.data_run       0x0000000020000000        0x0
                0x0000000020000000                __data_run_start__ = .
                0x0000000020000044                __data_run_end__ = (__data_run_start__ + SIZEOF (.data))
                0x0000000000000044                __data_run_size__ = (__data_run_end__ - __data_run_start__)
                0x0000000020000044                __data_run_load_end__ = __data_run_end__
                0x0000000000000001                . = ASSERT (((__data_run_start__ == __data_run_end__) || ((__data_run_end__ - __SRAM_segment_start__) <= __SRAM_segment_size__)), error: .data_run is too large to fit in SRAM memory segment)
                0x0000000000006864                __tdata_load_start__ = ALIGN ((__data_load_start__ + SIZEOF (.data)), 0x4)

.tdata          0x0000000020000044        0x0 load address 0x0000000000006864
                0x0000000020000044                __tdata_start__ = .
 *(.tdata .tdata.*)
                0x0000000020000044                __tdata_end__ = (__tdata_start__ + SIZEOF (.tdata))
                0x0000000000000000                __tdata_size__ = SIZEOF (.tdata)
                0x0000000000006864                __tdata_load_end__ = (__tdata_load_start__ + SIZEOF (.tdata))
                0x0000000000000001                . = ASSERT (((__tdata_load_start__ == __tdata_load_end__) || ((__tdata_load_end__ - __FLASH_segment_start__) <= __FLASH_segment_size__)), error: .tdata is too large to fit in FLASH memory segment)

.tdata_run      0x0000000020000044        0x0
                0x0000000020000044                __tdata_run_start__ = .
                0x0000000020000044                __tdata_run_end__ = (__tdata_run_start__ + SIZEOF (.tdata))
                0x0000000000000000                __tdata_run_size__ = (__tdata_run_end__ - __tdata_run_start__)
                0x0000000020000044                __tdata_run_load_end__ = __tdata_run_end__
                0x0000000000000001                . = ASSERT (((__tdata_run_start__ == __tdata_run_end__) || ((__tdata_run_end__ - __SRAM_segment_start__) <= __SRAM_segment_size__)), error: .tdata_run is too large to fit in SRAM memory segment)
                0x0000000020000044                __nrf_sections_run_load_start__ = ALIGN (__tdata_run_end__, 0x4)

.nrf_sections_run
                0x0000000020000044        0x0
                0x0000000020000044                __nrf_sections_run_start__ = .
                0x0000000020000044                __start_nrf_sections_run = __nrf_sections_run_start__
 *(.nrf_sections_run .nrf_sections_run.*)
                0x0000000020000044                __nrf_sections_run_end__ = (__nrf_sections_run_start__ + SIZEOF (.nrf_sections_run))
                0x0000000000000000                __nrf_sections_run_size__ = SIZEOF (.nrf_sections_run)
                0x0000000020000044                __nrf_sections_run_load_end__ = __nrf_sections_run_end__
                0x0000000000000001                . = ASSERT (((__nrf_sections_run_start__ == __nrf_sections_run_end__) || ((__nrf_sections_run_end__ - __SRAM_segment_start__) <= __SRAM_segment_size__)), error: .nrf_sections_run is too large to fit in SRAM memory segment)
                0x0000000000006864                __dfu_trans_load_start__ = ALIGN ((__tdata_load_start__ + SIZEOF (.tdata)), 0x4)

.dfu_trans      0x0000000000006864        0x0
                0x0000000000006864                __dfu_trans_start__ = .
                0x0000000000006864                __start_dfu_trans = __dfu_trans_start__
 *(SORT_BY_NAME(.dfu_trans*))
                0x0000000000006864                __dfu_trans_end__ = (__dfu_trans_start__ + SIZEOF (.dfu_trans))
                0x0000000000000000                __dfu_trans_size__ = SIZEOF (.dfu_trans)
                0x0000000000006864                __stop_dfu_trans = __dfu_trans_end__
                0x0000000000006864                __dfu_trans_load_end__ = __dfu_trans_end__
                0x0000000000000001                . = ASSERT (((__dfu_trans_start__ == __dfu_trans_end__) || ((__dfu_trans_end__ - __FLASH_segment_start__) <= __FLASH_segment_size__)), error: .dfu_trans is too large to fit in FLASH memory segment)
                0x0000000000006864                __log_const_data_load_start__ = ALIGN (__dfu_trans_end__, 0x4)

.log_const_data
                0x0000000000006864        0x0
                0x0000000000006864                __log_const_data_start__ = .
                0x0000000000006864                __start_log_const_data = __log_const_data_start__
 *(.log_const_data*)
                0x0000000000006864                __log_const_data_end__ = (__log_const_data_start__ + SIZEOF (.log_const_data))
                0x0000000000000000                __log_const_data_size__ = SIZEOF (.log_const_data)
                0x0000000000006864                __stop_log_const_data = __log_const_data_end__
                0x0000000000006864                __log_const_data_load_end__ = __log_const_data_end__
                0x0000000000000001                . = ASSERT (((__log_const_data_start__ == __log_const_data_end__) || ((__log_const_data_end__ - __FLASH_segment_start__) <= __FLASH_segment_size__)), error: .log_const_data is too large to fit in FLASH memory segment)
                0x0000000000006864                __svc_data_load_start__ = ALIGN (__log_const_data_end__, 0x4)

.svc_data       0x0000000000006864        0x0
                0x0000000000006864                __svc_data_start__ = .
                0x0000000000006864                __start_svc_data = __svc_data_start__
 *(.svc_data*)
                0x0000000000006864                __svc_data_end__ = (__svc_data_start__ + SIZEOF (.svc_data))
                0x0000000000000000                __svc_data_size__ = SIZEOF (.svc_data)
                0x0000000000006864                __stop_svc_data = __svc_data_end__
                0x0000000000006864                __svc_data_load_end__ = __svc_data_end__
                0x0000000000000001                . = ASSERT (((__svc_data_start__ == __svc_data_end__) || ((__svc_data_end__ - __FLASH_segment_start__) <= __FLASH_segment_size__)), error: .svc_data is too large to fit in FLASH memory segment)
                0x0000000000006864                __sdh_ble_observers_load_start__ = ALIGN (__svc_data_end__, 0x4)

.sdh_ble_observers
                0x0000000000006864        0x0
                0x0000000000006864                __sdh_ble_observers_start__ = .
                0x0000000000006864                __start_sdh_ble_observers = __sdh_ble_observers_start__
 *(SORT_BY_NAME(.sdh_ble_observers*))
                0x0000000000006864                __sdh_ble_observers_end__ = (__sdh_ble_observers_start__ + SIZEOF (.sdh_ble_observers))
                0x0000000000000000                __sdh_ble_observers_size__ = SIZEOF (.sdh_ble_observers)
                0x0000000000006864                __stop_sdh_ble_observers = __sdh_ble_observers_end__
                0x0000000000006864                __sdh_ble_observers_load_end__ = __sdh_ble_observers_end__
                0x0000000000000001                . = ASSERT (((__sdh_ble_observers_start__ == __sdh_ble_observers_end__) || ((__sdh_ble_observers_end__ - __FLASH_segment_start__) <= __FLASH_segment_size__)), error: .sdh_ble_observers is too large to fit in FLASH memory segment)
                0x0000000000006864                __sdh_req_observers_load_start__ = ALIGN (__sdh_ble_observers_end__, 0x4)

.sdh_req_observers
                0x0000000000006864        0x0
                0x0000000000006864                __sdh_req_observers_start__ = .
                0x0000000000006864                __start_sdh_req_observers = __sdh_req_observers_start__
 *(SORT_BY_NAME(.sdh_req_observers*))
                0x0000000000006864                __sdh_req_observers_end__ = (__sdh_req_observers_start__ + SIZEOF (.sdh_req_observers))
                0x0000000000000000                __sdh_req_observers_size__ = SIZEOF (.sdh_req_observers)
                0x0000000000006864                __stop_sdh_req_observers = __sdh_req_observers_end__
                0x0000000000006864                __sdh_req_observers_load_end__ = __sdh_req_observers_end__
                0x0000000000000001                . = ASSERT (((__sdh_req_observers_start__ == __sdh_req_observers_end__) || ((__sdh_req_observers_end__ - __FLASH_segment_start__) <= __FLASH_segment_size__)), error: .sdh_req_observers is too large to fit in FLASH memory segment)
                0x0000000000006864                __sdh_state_observers_load_start__ = ALIGN (__sdh_req_observers_end__, 0x4)

.sdh_state_observers
                0x0000000000006864        0x0
                0x0000000000006864                __sdh_state_observers_start__ = .
                0x0000000000006864                __start_sdh_state_observers = __sdh_state_observers_start__
 *(SORT_BY_NAME(.sdh_state_observers*))
                0x0000000000006864                __sdh_state_observers_end__ = (__sdh_state_observers_start__ + SIZEOF (.sdh_state_observers))
                0x0000000000000000                __sdh_state_observers_size__ = SIZEOF (.sdh_state_observers)
                0x0000000000006864                __stop_sdh_state_observers = __sdh_state_observers_end__
                0x0000000000006864                __sdh_state_observers_load_end__ = __sdh_state_observers_end__
                0x0000000000000001                . = ASSERT (((__sdh_state_observers_start__ == __sdh_state_observers_end__) || ((__sdh_state_observers_end__ - __FLASH_segment_start__) <= __FLASH_segment_size__)), error: .sdh_state_observers is too large to fit in FLASH memory segment)
                0x0000000000006864                __sdh_stack_observers_load_start__ = ALIGN (__sdh_state_observers_end__, 0x4)

.sdh_stack_observers
                0x0000000000006864        0x0
                0x0000000000006864                __sdh_stack_observers_start__ = .
                0x0000000000006864                __start_sdh_stack_observers = __sdh_stack_observers_start__
 *(SORT_BY_NAME(.sdh_stack_observers*))
                0x0000000000006864                __sdh_stack_observers_end__ = (__sdh_stack_observers_start__ + SIZEOF (.sdh_stack_observers))
                0x0000000000000000                __sdh_stack_observers_size__ = SIZEOF (.sdh_stack_observers)
                0x0000000000006864                __stop_sdh_stack_observers = __sdh_stack_observers_end__
                0x0000000000006864                __sdh_stack_observers_load_end__ = __sdh_stack_observers_end__
                0x0000000000000001                . = ASSERT (((__sdh_stack_observers_start__ == __sdh_stack_observers_end__) || ((__sdh_stack_observers_end__ - __FLASH_segment_start__) <= __FLASH_segment_size__)), error: .sdh_stack_observers is too large to fit in FLASH memory segment)
                0x0000000000006864                __sdh_soc_observers_load_start__ = ALIGN (__sdh_stack_observers_end__, 0x4)

.sdh_soc_observers
                0x0000000000006864        0x0
                0x0000000000006864                __sdh_soc_observers_start__ = .
                0x0000000000006864                __start_sdh_soc_observers = __sdh_soc_observers_start__
 *(SORT_BY_NAME(.sdh_soc_observers*))
                0x0000000000006864                __sdh_soc_observers_end__ = (__sdh_soc_observers_start__ + SIZEOF (.sdh_soc_observers))
                0x0000000000000000                __sdh_soc_observers_size__ = SIZEOF (.sdh_soc_observers)
                0x0000000000006864                __stop_sdh_soc_observers = __sdh_soc_observers_end__
                0x0000000000006864                __sdh_soc_observers_load_end__ = __sdh_soc_observers_end__
                0x0000000000000001                . = ASSERT (((__sdh_soc_observers_start__ == __sdh_soc_observers_end__) || ((__sdh_soc_observers_end__ - __FLASH_segment_start__) <= __FLASH_segment_size__)), error: .sdh_soc_observers is too large to fit in FLASH memory segment)
                0x0000000000006864                __nrf_sections_load_start__ = ALIGN (__sdh_soc_observers_end__, 0x4)

.nrf_sections   0x0000000000006864        0x0
                0x0000000000006864                __nrf_sections_start__ = .
                0x0000000000006864                __start_nrf_sections = __nrf_sections_start__
 *(.nrf_sections .nrf_sections.*)
                0x0000000000006864                __nrf_sections_end__ = (__nrf_sections_start__ + SIZEOF (.nrf_sections))
                0x0000000000000000                __nrf_sections_size__ = SIZEOF (.nrf_sections)
                0x0000000000006864                __nrf_sections_load_end__ = __nrf_sections_end__
                0x0000000000000001                . = ASSERT (((__nrf_sections_start__ == __nrf_sections_end__) || ((__nrf_sections_end__ - __FLASH_segment_start__) <= __FLASH_segment_size__)), error: .nrf_sections is too large to fit in FLASH memory segment)
                0x0000000000006864                __log_dynamic_data_load_start__ = ALIGN (__nrf_sections_end__, 0x4)

.log_dynamic_data
                0x0000000020000044        0x0 load address 0x0000000000006864
                0x0000000020000044                __log_dynamic_data_start__ = .
 *(.log_dynamic_data*)
                0x0000000020000044                __log_dynamic_data_end__ = (__log_dynamic_data_start__ + SIZEOF (.log_dynamic_data))
                0x0000000000000000                __log_dynamic_data_size__ = SIZEOF (.log_dynamic_data)
                0x0000000000006864                __log_dynamic_data_load_end__ = (__log_dynamic_data_load_start__ + SIZEOF (.log_dynamic_data))
                0x0000000000000001                . = ASSERT (((__log_dynamic_data_load_start__ == __log_dynamic_data_load_end__) || ((__log_dynamic_data_load_end__ - __FLASH_segment_start__) <= __FLASH_segment_size__)), error: .log_dynamic_data is too large to fit in FLASH memory segment)

.log_dynamic_data_run
                0x0000000020000044        0x0
                0x0000000020000044                __log_dynamic_data_run_start__ = .
                0x0000000020000044                __start_log_dynamic_data = __log_dynamic_data_run_start__
                0x0000000020000044                __log_dynamic_data_run_end__ = (__log_dynamic_data_run_start__ + SIZEOF (.log_dynamic_data))
                0x0000000000000000                __log_dynamic_data_run_size__ = (__log_dynamic_data_run_end__ - __log_dynamic_data_run_start__)
                0x0000000020000044                __stop_log_dynamic_data = __log_dynamic_data_run_end__
                0x0000000020000044                __log_dynamic_data_run_load_end__ = __log_dynamic_data_run_end__
                0x0000000000000001                . = ASSERT (((__log_dynamic_data_run_start__ == __log_dynamic_data_run_end__) || ((__log_dynamic_data_run_end__ - __SRAM_segment_start__) <= __SRAM_segment_size__)), error: .log_dynamic_data_run is too large to fit in SRAM memory segment)
                0x0000000000006864                __fs_data_load_start__ = ALIGN ((__log_dynamic_data_load_start__ + SIZEOF (.log_dynamic_data)), 0x4)

.fs_data        0x0000000020000044        0x0 load address 0x0000000000006864
                0x0000000020000044                __fs_data_start__ = .
 *(.fs_data*)
                0x0000000020000044                __fs_data_end__ = (__fs_data_start__ + SIZEOF (.fs_data))
                0x0000000000000000                __fs_data_size__ = SIZEOF (.fs_data)
                0x0000000000006864                __fs_data_load_end__ = (__fs_data_load_start__ + SIZEOF (.fs_data))
                0x0000000000006864                __FLASH_segment_used_end__ = (ALIGN ((__log_dynamic_data_load_start__ + SIZEOF (.log_dynamic_data)), 0x4) + SIZEOF (.fs_data))
                0x0000000000006864                __FLASH_segment_used_size__ = (__FLASH_segment_used_end__ - __FLASH_segment_start__)
                0x0000000000000001                . = ASSERT (((__fs_data_load_start__ == __fs_data_load_end__) || ((__fs_data_load_end__ - __FLASH_segment_start__) <= __FLASH_segment_size__)), error: .fs_data is too large to fit in FLASH memory segment)

.fs_data_run    0x0000000020000044        0x0
                0x0000000020000044                __fs_data_run_start__ = .
                0x0000000020000044                __start_fs_data = __fs_data_run_start__
                0x0000000020000044                __fs_data_run_end__ = (__fs_data_run_start__ + SIZEOF (.fs_data))
                0x0000000000000000                __fs_data_run_size__ = (__fs_data_run_end__ - __fs_data_run_start__)
                0x0000000020000044                __stop_fs_data = __fs_data_run_end__
                0x0000000020000044                __fs_data_run_load_end__ = __fs_data_run_end__
                0x0000000000000001                . = ASSERT (((__fs_data_run_start__ == __fs_data_run_end__) || ((__fs_data_run_end__ - __SRAM_segment_start__) <= __SRAM_segment_size__)), error: .fs_data_run is too large to fit in SRAM memory segment)
                0x0000000020000044                __nrf_sections_run_end_load_start__ = ALIGN (__fs_data_run_end__, 0x4)

.nrf_sections_run_end
                0x0000000020000044        0x0
                0x0000000020000044                __nrf_sections_run_end_start__ = .
                0x0000000020000044                __end_nrf_sections_run = __nrf_sections_run_end_start__
 *(.nrf_sections_run_end .nrf_sections_run_end.*)
                0x0000000020000044                __nrf_sections_run_end_end__ = (__nrf_sections_run_end_start__ + SIZEOF (.nrf_sections_run_end))
                0x0000000000000000                __nrf_sections_run_end_size__ = SIZEOF (.nrf_sections_run_end)
                0x0000000020000044                __nrf_sections_run_end_load_end__ = __nrf_sections_run_end_end__
                0x0000000000000001                . = ASSERT (((__nrf_sections_run_end_start__ == __nrf_sections_run_end_end__) || ((__nrf_sections_run_end_end__ - __SRAM_segment_start__) <= __SRAM_segment_size__)), error: .nrf_sections_run_end is too large to fit in SRAM memory segment)
                0x0000000020000044                __bss_load_start__ = ALIGN (__nrf_sections_run_end_end__, 0x4)

.bss            0x0000000020000044      0x3e8
                0x0000000020000044                __bss_start__ = .
 *(.bss .bss.* .gnu.linkonce.b.*)
 .bss.frame_seq_nb
                0x0000000020000044        0x1 Output/nrf52832_xxaa/Obj/ss_twr_init/ss_init_main.o
 *fill*         0x0000000020000045        0x3 
 .bss.rx_buffer
                0x0000000020000048       0x14 Output/nrf52832_xxaa/Obj/ss_twr_init/ss_init_main.o
 .bss.status_reg
                0x000000002000005c        0x4 Output/nrf52832_xxaa/Obj/ss_twr_init/ss_init_main.o
 .bss.tof       0x0000000020000060        0x8 Output/nrf52832_xxaa/Obj/ss_twr_init/ss_init_main.o
 .bss.distance  0x0000000020000068        0x8 Output/nrf52832_xxaa/Obj/ss_twr_init/ss_init_main.o
 .bss.i_distance
                0x0000000020000070        0x2 Output/nrf52832_xxaa/Obj/ss_twr_init/ss_init_main.o
                0x0000000020000070                i_distance
 *fill*         0x0000000020000072        0x6 
 .bss.sum_distance
                0x0000000020000078        0x8 Output/nrf52832_xxaa/Obj/ss_twr_init/ss_init_main.o
                0x0000000020000078                sum_distance
 .bss.filter_distance
                0x0000000020000080        0x8 Output/nrf52832_xxaa/Obj/ss_twr_init/ss_init_main.o
                0x0000000020000080                filter_distance
 .bss.count     0x0000000020000088        0x1 Output/nrf52832_xxaa/Obj/ss_twr_init/ss_init_main.o
                0x0000000020000088                count
 *fill*         0x0000000020000089        0x3 
 .bss.m_cb      0x000000002000008c       0x58 Output/nrf52832_xxaa/Obj/ss_twr_init/nrf_drv_gpiote.o
 .bss.m_cb      0x00000000200000e4       0x24 Output/nrf52832_xxaa/Obj/ss_twr_init/nrf_drv_spi.o
 .bss.m_cb      0x0000000020000108       0x20 Output/nrf52832_xxaa/Obj/ss_twr_init/nrf_drv_uart.o
 .bss.m_clock_cb
                0x0000000020000128       0x14 Output/nrf52832_xxaa/Obj/ss_twr_init/nrf_drv_clock.o
 .bss.m_event_handler
                0x000000002000013c        0x4 Output/nrf52832_xxaa/Obj/ss_twr_init/app_uart_fifo.o
 .bss.tx_buffer
                0x0000000020000140        0x1 Output/nrf52832_xxaa/Obj/ss_twr_init/app_uart_fifo.o
 *fill*         0x0000000020000141        0x3 
 .bss.rx_buffer
                0x0000000020000144        0x1 Output/nrf52832_xxaa/Obj/ss_twr_init/app_uart_fifo.o
 .bss.m_rx_ovf  0x0000000020000145        0x1 Output/nrf52832_xxaa/Obj/ss_twr_init/app_uart_fifo.o
 *fill*         0x0000000020000146        0x2 
 .bss.m_rx_fifo
                0x0000000020000148       0x10 Output/nrf52832_xxaa/Obj/ss_twr_init/app_uart_fifo.o
 .bss.m_tx_fifo
                0x0000000020000158       0x10 Output/nrf52832_xxaa/Obj/ss_twr_init/app_uart_fifo.o
 .bss.dw1000local
                0x0000000020000168       0x38 Output/nrf52832_xxaa/Obj/ss_twr_init/deca_device.o
 .bss.spi_xfer_done
                0x00000000200001a0        0x1 Output/nrf52832_xxaa/Obj/ss_twr_init/port_platform.o
 *fill*         0x00000000200001a1        0x3 
 .bss.pxCurrentTCB
                0x00000000200001a4        0x4 Output/nrf52832_xxaa/Obj/ss_twr_init/tasks.o
                0x00000000200001a4                pxCurrentTCB
 .bss.pxReadyTasksLists
                0x00000000200001a8       0x3c Output/nrf52832_xxaa/Obj/ss_twr_init/tasks.o
 .bss.pxDelayedTaskList
                0x00000000200001e4        0x4 Output/nrf52832_xxaa/Obj/ss_twr_init/tasks.o
 .bss.pxOverflowDelayedTaskList
                0x00000000200001e8        0x4 Output/nrf52832_xxaa/Obj/ss_twr_init/tasks.o
 .bss.xTickCount
                0x00000000200001ec        0x4 Output/nrf52832_xxaa/Obj/ss_twr_init/tasks.o
 .bss.uxTopReadyPriority
                0x00000000200001f0        0x4 Output/nrf52832_xxaa/Obj/ss_twr_init/tasks.o
 .bss.xSchedulerRunning
                0x00000000200001f4        0x4 Output/nrf52832_xxaa/Obj/ss_twr_init/tasks.o
 .bss.uxPendedTicks
                0x00000000200001f8        0x4 Output/nrf52832_xxaa/Obj/ss_twr_init/tasks.o
 .bss.xYieldPending
                0x00000000200001fc        0x4 Output/nrf52832_xxaa/Obj/ss_twr_init/tasks.o
 .bss.xNumOfOverflows
                0x0000000020000200        0x4 Output/nrf52832_xxaa/Obj/ss_twr_init/tasks.o
 .bss.uxSchedulerSuspended
                0x0000000020000204        0x4 Output/nrf52832_xxaa/Obj/ss_twr_init/tasks.o
 .bss.rx_buf.1  0x0000000020000208       0x20 Output/nrf52832_xxaa/Obj/ss_twr_init/UART.o
 .bss.tx_buf.0  0x0000000020000228      0x200 Output/nrf52832_xxaa/Obj/ss_twr_init/UART.o
 .bss.libc.__user_format_extender
                0x0000000020000428        0x4 C:/Program Files/SEGGER/SEGGER Embedded Studio for ARM 5.64/lib/libc_v7em_fpv4_sp_d16_hard_t_le_eabi.a(libc2.o)
                0x0000000020000428                __user_format_extender
 *(COMMON)
                0x000000002000042c                __bss_end__ = (__bss_start__ + SIZEOF (.bss))
                0x00000000000003e8                __bss_size__ = SIZEOF (.bss)
                0x000000002000042c                __bss_load_end__ = __bss_end__
                0x0000000000000001                . = ASSERT (((__bss_start__ == __bss_end__) || ((__bss_end__ - __SRAM_segment_start__) <= __SRAM_segment_size__)), error: .bss is too large to fit in SRAM memory segment)
                0x000000002000042c                __tbss_load_start__ = ALIGN (__bss_end__, 0x4)

.tbss           0x000000002000042c        0x4
                0x000000002000042c                __tbss_start__ = .
 *(.tbss .tbss.*)
 .tbss.errno_val
                0x000000002000042c        0x4 C:/Program Files/SEGGER/SEGGER Embedded Studio for ARM 5.64/lib/libc_v7em_fpv4_sp_d16_hard_t_le_eabi.a(libc2.o)
                0x0000000020000430                __tbss_end__ = (__tbss_start__ + SIZEOF (.tbss))
                0x0000000000000004                __tbss_size__ = SIZEOF (.tbss)
                0x0000000020000430                __tbss_load_end__ = __tbss_end__
                0x0000000000000001                . = ASSERT (((__tbss_start__ == __tbss_end__) || ((__tbss_end__ - __SRAM_segment_start__) <= __SRAM_segment_size__)), error: .tbss is too large to fit in SRAM memory segment)
                0x0000000020000430                __non_init_load_start__ = ALIGN (__tbss_end__, 0x4)

.non_init       0x0000000020000430        0x0
                0x0000000020000430                __non_init_start__ = .
 *(.non_init .non_init.*)
                0x0000000020000430                __non_init_end__ = (__non_init_start__ + SIZEOF (.non_init))
                0x0000000000000000                __non_init_size__ = SIZEOF (.non_init)
                0x0000000020000430                __non_init_load_end__ = __non_init_end__
                0x0000000000000001                . = ASSERT (((__non_init_start__ == __non_init_end__) || ((__non_init_end__ - __SRAM_segment_start__) <= __SRAM_segment_size__)), error: .non_init is too large to fit in SRAM memory segment)
                0x0000000020000430                __heap_load_start__ = ALIGN (__non_init_end__, 0x4)

.heap           0x0000000020000430      0x400
                0x0000000020000430                __heap_start__ = .
 *(.heap .heap.*)
                0x0000000020000830                . = ALIGN (MAX ((__heap_start__ + __HEAPSIZE__), .), 0x4)
 *fill*         0x0000000020000430      0x400 
                0x0000000020000830                __heap_end__ = (__heap_start__ + SIZEOF (.heap))
                0x0000000000000400                __heap_size__ = SIZEOF (.heap)
                0x0000000020000830                __heap_load_end__ = __heap_end__
                0x0000000000000001                . = ASSERT (((__heap_start__ == __heap_end__) || ((__heap_end__ - __SRAM_segment_start__) <= __SRAM_segment_size__)), error: .heap is too large to fit in SRAM memory segment)
                0x000000002000fc00                __stack_load_start__ = (__SRAM_segment_start__ + (__SRAM_segment_size__ - 0x400))

.stack          0x000000002000fc00      0x400
                0x000000002000fc00                __stack_start__ = .
                0x000000002000fc00                __StackLimit = __stack_start__
 *(.stack .stack.*)
                0x0000000020010000                . = ALIGN (MAX ((__stack_start__ + __STACKSIZE__), .), 0x8)
 *fill*         0x000000002000fc00      0x400 
                0x0000000020010000                __stack_end__ = (__stack_start__ + SIZEOF (.stack))
                0x0000000000000400                __stack_size__ = SIZEOF (.stack)
                0x0000000020010000                __StackTop = __stack_end__
                0x0000000020010000                __stack_load_end__ = __stack_end__
                0x0000000000000001                . = ASSERT (((__stack_start__ == __stack_end__) || ((__stack_end__ - __SRAM_segment_start__) <= __SRAM_segment_size__)), error: .stack is too large to fit in SRAM memory segment)
                0x0000000000000001                . = ASSERT ((__heap_end__ <= __stack_start__), error: section .heap overlaps absolute placed section .stack)
                0x0000000020010000                __stack_process_load_start__ = ALIGN (__stack_end__, 0x8)

.stack_process  0x0000000020010000        0x0
                0x0000000020010000                __stack_process_start__ = .
 *(.stack_process .stack_process.*)
                0x0000000020010000                . = ALIGN (MAX ((__stack_process_start__ + __STACKSIZE_PROCESS__), .), 0x8)
                0x0000000020010000                __stack_process_end__ = (__stack_process_start__ + SIZEOF (.stack_process))
                0x0000000000000000                __stack_process_size__ = SIZEOF (.stack_process)
                0x0000000020010000                __stack_process_load_end__ = __stack_process_end__
                0x0000000020010000                __SRAM_segment_used_end__ = (ALIGN (__stack_end__, 0x8) + SIZEOF (.stack_process))
                0x0000000000010000                __SRAM_segment_used_size__ = (__SRAM_segment_used_end__ - __SRAM_segment_start__)
                0x0000000000000001                . = ASSERT (((__stack_process_start__ == __stack_process_end__) || ((__stack_process_end__ - __SRAM_segment_start__) <= __SRAM_segment_size__)), error: .stack_process is too large to fit in SRAM memory segment)
START GROUP
LOAD Output/nrf52832_xxaa/Obj/ss_twr_init/thumb_crt0.o
LOAD Output/nrf52832_xxaa/Obj/ss_twr_init/ses_nrf52_startup.o
LOAD Output/nrf52832_xxaa/Obj/ss_twr_init/system_nrf52.o
LOAD Output/nrf52832_xxaa/Obj/ss_twr_init/main.o
LOAD Output/nrf52832_xxaa/Obj/ss_twr_init/ss_init_main.o
LOAD Output/nrf52832_xxaa/Obj/ss_twr_init/boards.o
LOAD Output/nrf52832_xxaa/Obj/ss_twr_init/bsp.o
LOAD Output/nrf52832_xxaa/Obj/ss_twr_init/bsp_nfc.o
LOAD Output/nrf52832_xxaa/Obj/ss_twr_init/nrf_drv_common.o
LOAD Output/nrf52832_xxaa/Obj/ss_twr_init/nrf_drv_gpiote.o
LOAD Output/nrf52832_xxaa/Obj/ss_twr_init/nrf_drv_spi.o
LOAD Output/nrf52832_xxaa/Obj/ss_twr_init/nrf_drv_uart.o
LOAD Output/nrf52832_xxaa/Obj/ss_twr_init/nrf_drv_clock.o
LOAD Output/nrf52832_xxaa/Obj/ss_twr_init/app_button.o
LOAD Output/nrf52832_xxaa/Obj/ss_twr_init/app_error.o
LOAD Output/nrf52832_xxaa/Obj/ss_twr_init/app_error_weak.o
LOAD Output/nrf52832_xxaa/Obj/ss_twr_init/app_scheduler.o
LOAD Output/nrf52832_xxaa/Obj/ss_twr_init/app_util_platform.o
LOAD Output/nrf52832_xxaa/Obj/ss_twr_init/nrf_assert.o
LOAD Output/nrf52832_xxaa/Obj/ss_twr_init/nrf_balloc.o
LOAD Output/nrf52832_xxaa/Obj/ss_twr_init/nrf_fprintf.o
LOAD Output/nrf52832_xxaa/Obj/ss_twr_init/nrf_fprintf_format.o
LOAD Output/nrf52832_xxaa/Obj/ss_twr_init/nrf_memobj.o
LOAD Output/nrf52832_xxaa/Obj/ss_twr_init/nrf_strerror.o
LOAD Output/nrf52832_xxaa/Obj/ss_twr_init/app_fifo.o
LOAD Output/nrf52832_xxaa/Obj/ss_twr_init/app_uart_fifo.o
LOAD Output/nrf52832_xxaa/Obj/ss_twr_init/retarget.o
LOAD Output/nrf52832_xxaa/Obj/ss_twr_init/nrf_log_backend_rtt.o
LOAD Output/nrf52832_xxaa/Obj/ss_twr_init/nrf_log_backend_serial.o
LOAD Output/nrf52832_xxaa/Obj/ss_twr_init/nrf_log_backend_uart.o
LOAD Output/nrf52832_xxaa/Obj/ss_twr_init/nrf_log_default_backends.o
LOAD Output/nrf52832_xxaa/Obj/ss_twr_init/nrf_log_frontend.o
LOAD Output/nrf52832_xxaa/Obj/ss_twr_init/nrf_log_str_formatter.o
LOAD Output/nrf52832_xxaa/Obj/ss_twr_init/SEGGER_RTT.o
LOAD Output/nrf52832_xxaa/Obj/ss_twr_init/SEGGER_RTT_printf.o
LOAD Output/nrf52832_xxaa/Obj/ss_twr_init/SEGGER_RTT_Syscalls_KEIL.o
LOAD Output/nrf52832_xxaa/Obj/ss_twr_init/deca_device.o
LOAD Output/nrf52832_xxaa/Obj/ss_twr_init/deca_params_init.o
LOAD Output/nrf52832_xxaa/Obj/ss_twr_init/port_platform.o
LOAD Output/nrf52832_xxaa/Obj/ss_twr_init/croutine.o
LOAD Output/nrf52832_xxaa/Obj/ss_twr_init/event_groups.o
LOAD Output/nrf52832_xxaa/Obj/ss_twr_init/list.o
LOAD Output/nrf52832_xxaa/Obj/ss_twr_init/queue.o
LOAD Output/nrf52832_xxaa/Obj/ss_twr_init/tasks.o
LOAD Output/nrf52832_xxaa/Obj/ss_twr_init/timers.o
LOAD Output/nrf52832_xxaa/Obj/ss_twr_init/heap_1.o
LOAD Output/nrf52832_xxaa/Obj/ss_twr_init/app_timer_freertos.o
LOAD Output/nrf52832_xxaa/Obj/ss_twr_init/port_cmsis.o
LOAD Output/nrf52832_xxaa/Obj/ss_twr_init/port_cmsis_systick.o
LOAD Output/nrf52832_xxaa/Obj/ss_twr_init/port.o
LOAD Output/nrf52832_xxaa/Obj/ss_twr_init/UART.o
LOAD C:/Program Files/SEGGER/SEGGER Embedded Studio for ARM 5.64/lib/libm_v7em_fpv4_sp_d16_hard_t_le_eabi.a
LOAD C:/Program Files/SEGGER/SEGGER Embedded Studio for ARM 5.64/lib/libc_v7em_fpv4_sp_d16_hard_t_le_eabi.a
LOAD C:/Program Files/SEGGER/SEGGER Embedded Studio for ARM 5.64/lib/libdebugio_v7em_fpv4_sp_d16_hard_t_le_eabi.a
END GROUP
OUTPUT(Output/nrf52832_xxaa/Exe/ss_twr_init.elf elf32-littlearm)
LOAD linker stubs

.ARM.attributes
                0x0000000000000000       0x30
 .ARM.attributes
                0x0000000000000000       0x20 Output/nrf52832_xxaa/Obj/ss_twr_init/thumb_crt0.o
 .ARM.attributes
                0x0000000000000020       0x20 Output/nrf52832_xxaa/Obj/ss_twr_init/ses_nrf52_startup.o
 .ARM.attributes
                0x0000000000000040       0x39 Output/nrf52832_xxaa/Obj/ss_twr_init/system_nrf52.o
 .ARM.attributes
                0x0000000000000079       0x39 Output/nrf52832_xxaa/Obj/ss_twr_init/main.o
 .ARM.attributes
                0x00000000000000b2       0x39 Output/nrf52832_xxaa/Obj/ss_twr_init/ss_init_main.o
 .ARM.attributes
                0x00000000000000eb       0x39 Output/nrf52832_xxaa/Obj/ss_twr_init/nrf_drv_common.o
 .ARM.attributes
                0x0000000000000124       0x39 Output/nrf52832_xxaa/Obj/ss_twr_init/nrf_drv_gpiote.o
 .ARM.attributes
                0x000000000000015d       0x39 Output/nrf52832_xxaa/Obj/ss_twr_init/nrf_drv_spi.o
 .ARM.attributes
                0x0000000000000196       0x39 Output/nrf52832_xxaa/Obj/ss_twr_init/nrf_drv_uart.o
 .ARM.attributes
                0x00000000000001cf       0x39 Output/nrf52832_xxaa/Obj/ss_twr_init/nrf_drv_clock.o
 .ARM.attributes
                0x0000000000000208       0x39 Output/nrf52832_xxaa/Obj/ss_twr_init/app_error.o
 .ARM.attributes
                0x0000000000000241       0x39 Output/nrf52832_xxaa/Obj/ss_twr_init/app_error_weak.o
 .ARM.attributes
                0x000000000000027a       0x39 Output/nrf52832_xxaa/Obj/ss_twr_init/app_fifo.o
 .ARM.attributes
                0x00000000000002b3       0x39 Output/nrf52832_xxaa/Obj/ss_twr_init/app_uart_fifo.o
 .ARM.attributes
                0x00000000000002ec       0x39 Output/nrf52832_xxaa/Obj/ss_twr_init/retarget.o
 .ARM.attributes
                0x0000000000000325       0x39 Output/nrf52832_xxaa/Obj/ss_twr_init/deca_device.o
 .ARM.attributes
                0x000000000000035e       0x39 Output/nrf52832_xxaa/Obj/ss_twr_init/deca_params_init.o
 .ARM.attributes